000 (9115.000.000) 09/29 15:22:04 Job submitted from host: <192.168.11.117:9618?addrs=192.168.11.117-9618+[--1]-9618&noUDP&sock=2590_6ac9_3>
...
014 (9115.000.001) 09/29 15:22:14 Node 1 executing on host: <192.168.11.101:9618?addrs=192.168.11.101-9618+[--1]-9618&noUDP&sock=2456_c2b7_3>
...
014 (9115.000.003) 09/29 15:22:14 Node 3 executing on host: <192.168.11.101:9618?addrs=192.168.11.101-9618+[--1]-9618&noUDP&sock=2456_c2b7_3>
...
014 (9115.000.002) 09/29 15:22:14 Node 2 executing on host: <192.168.11.110:9618?addrs=192.168.11.110-9618+[--1]-9618&noUDP&sock=2458_21e7_3>
...
014 (9115.000.000) 09/29 15:22:14 Node 0 executing on host: <192.168.11.110:9618?addrs=192.168.11.110-9618+[--1]-9618&noUDP&sock=2458_21e7_3>
...
014 (9115.000.004) 09/29 15:22:14 Node 4 executing on host: <192.168.11.102:9618?addrs=192.168.11.102-9618+[--1]-9618&noUDP&sock=2451_54be_3>
...
014 (9115.000.006) 09/29 15:22:14 Node 6 executing on host: <192.168.11.102:9618?addrs=192.168.11.102-9618+[--1]-9618&noUDP&sock=2451_54be_3>
...
014 (9115.000.007) 09/29 15:22:14 Node 7 executing on host: <192.168.11.111:9618?addrs=192.168.11.111-9618+[--1]-9618&noUDP&sock=2438_6a02_3>
...
014 (9115.000.005) 09/29 15:22:14 Node 5 executing on host: <192.168.11.111:9618?addrs=192.168.11.111-9618+[--1]-9618&noUDP&sock=2438_6a02_3>
...
001 (9115.000.000) 09/29 15:22:14 Job executing on host: MPI_job
...
015 (9115.000.000) 09/29 15:22:17 Node 0 terminated.
	(1) Normal termination (return value 0)
		Usr 0 00:00:00, Sys 0 00:00:00  -  Run Remote Usage
		Usr 0 00:00:00, Sys 0 00:00:00  -  Run Local Usage
		Usr 0 00:00:00, Sys 0 00:00:00  -  Total Remote Usage
		Usr 0 00:00:00, Sys 0 00:00:00  -  Total Local Usage
	0  -  Run Bytes Sent By Node
	0  -  Run Bytes Received By Node
	0  -  Total Bytes Sent By Node
	0  -  Total Bytes Received By Node
...
005 (9115.000.000) 09/29 15:22:17 Job terminated.
	(1) Normal termination (return value 0)
		Usr 0 00:00:00, Sys 0 00:00:00  -  Run Remote Usage
		Usr 0 00:00:00, Sys 0 00:00:00  -  Run Local Usage
		Usr 0 00:00:00, Sys 0 00:00:00  -  Total Remote Usage
		Usr 0 00:00:00, Sys 0 00:00:00  -  Total Local Usage
	0  -  Run Bytes Sent By Job
	0  -  Run Bytes Received By Job
	0  -  Total Bytes Sent By Job
	0  -  Total Bytes Received By Job
	Partitionable Resources :    Usage  Request Allocated
	   Cpus                 :                 2        10
	   Disk (KB)            :        3        3    762088
	   Gpus                 :                           0
	   Memory (MB)          :        1        1     28928
...
000 (9123.000.000) 09/29 15:32:50 Job submitted from host: <192.168.11.117:9618?addrs=192.168.11.117-9618+[--1]-9618&noUDP&sock=2590_6ac9_3>
...
014 (9123.000.000) 09/29 15:33:01 Node 0 executing on host: <192.168.11.110:9618?addrs=192.168.11.110-9618+[--1]-9618&noUDP&sock=2458_21e7_3>
...
014 (9123.000.002) 09/29 15:33:01 Node 2 executing on host: <192.168.11.110:9618?addrs=192.168.11.110-9618+[--1]-9618&noUDP&sock=2458_21e7_3>
...
014 (9123.000.003) 09/29 15:33:01 Node 3 executing on host: <192.168.11.101:9618?addrs=192.168.11.101-9618+[--1]-9618&noUDP&sock=2456_c2b7_3>
...
014 (9123.000.001) 09/29 15:33:01 Node 1 executing on host: <192.168.11.101:9618?addrs=192.168.11.101-9618+[--1]-9618&noUDP&sock=2456_c2b7_3>
...
014 (9123.000.004) 09/29 15:33:01 Node 4 executing on host: <192.168.11.102:9618?addrs=192.168.11.102-9618+[--1]-9618&noUDP&sock=2451_54be_3>
...
014 (9123.000.006) 09/29 15:33:01 Node 6 executing on host: <192.168.11.102:9618?addrs=192.168.11.102-9618+[--1]-9618&noUDP&sock=2451_54be_3>
...
014 (9123.000.005) 09/29 15:33:01 Node 5 executing on host: <192.168.11.111:9618?addrs=192.168.11.111-9618+[--1]-9618&noUDP&sock=2438_6a02_3>
...
014 (9123.000.007) 09/29 15:33:01 Node 7 executing on host: <192.168.11.111:9618?addrs=192.168.11.111-9618+[--1]-9618&noUDP&sock=2438_6a02_3>
...
001 (9123.000.000) 09/29 15:33:01 Job executing on host: MPI_job
...
000 (9124.000.000) 09/29 15:33:05 Job submitted from host: <192.168.11.117:9618?addrs=192.168.11.117-9618+[--1]-9618&noUDP&sock=2590_6ac9_3>
...
015 (9123.000.000) 09/29 15:33:05 Node 0 terminated.
	(1) Normal termination (return value 0)
		Usr 0 00:00:00, Sys 0 00:00:00  -  Run Remote Usage
		Usr 0 00:00:00, Sys 0 00:00:00  -  Run Local Usage
		Usr 0 00:00:00, Sys 0 00:00:00  -  Total Remote Usage
		Usr 0 00:00:00, Sys 0 00:00:00  -  Total Local Usage
	0  -  Run Bytes Sent By Node
	0  -  Run Bytes Received By Node
	0  -  Total Bytes Sent By Node
	0  -  Total Bytes Received By Node
...
005 (9123.000.000) 09/29 15:33:05 Job terminated.
	(1) Normal termination (return value 0)
		Usr 0 00:00:00, Sys 0 00:00:00  -  Run Remote Usage
		Usr 0 00:00:00, Sys 0 00:00:00  -  Run Local Usage
		Usr 0 00:00:00, Sys 0 00:00:00  -  Total Remote Usage
		Usr 0 00:00:00, Sys 0 00:00:00  -  Total Local Usage
	0  -  Run Bytes Sent By Job
	0  -  Run Bytes Received By Job
	0  -  Total Bytes Sent By Job
	0  -  Total Bytes Received By Job
	Partitionable Resources :    Usage  Request Allocated
	   Cpus                 :                 2        10
	   Disk (KB)            :        3        3    762088
	   Gpus                 :                           0
	   Memory (MB)          :        1        1     28928
...
014 (9124.000.000) 09/29 15:33:12 Node 0 executing on host: <192.168.11.101:9618?addrs=192.168.11.101-9618+[--1]-9618&noUDP&sock=2456_c2b7_3>
...
014 (9124.000.002) 09/29 15:33:12 Node 2 executing on host: <192.168.11.101:9618?addrs=192.168.11.101-9618+[--1]-9618&noUDP&sock=2456_c2b7_3>
...
014 (9124.000.006) 09/29 15:33:12 Node 6 executing on host: <192.168.11.111:9618?addrs=192.168.11.111-9618+[--1]-9618&noUDP&sock=2438_6a02_3>
...
014 (9124.000.004) 09/29 15:33:12 Node 4 executing on host: <192.168.11.111:9618?addrs=192.168.11.111-9618+[--1]-9618&noUDP&sock=2438_6a02_3>
...
014 (9124.000.005) 09/29 15:33:12 Node 5 executing on host: <192.168.11.102:9618?addrs=192.168.11.102-9618+[--1]-9618&noUDP&sock=2451_54be_3>
...
014 (9124.000.007) 09/29 15:33:12 Node 7 executing on host: <192.168.11.102:9618?addrs=192.168.11.102-9618+[--1]-9618&noUDP&sock=2451_54be_3>
...
014 (9124.000.001) 09/29 15:33:12 Node 1 executing on host: <192.168.11.110:9618?addrs=192.168.11.110-9618+[--1]-9618&noUDP&sock=2458_21e7_3>
...
014 (9124.000.003) 09/29 15:33:12 Node 3 executing on host: <192.168.11.110:9618?addrs=192.168.11.110-9618+[--1]-9618&noUDP&sock=2458_21e7_3>
...
001 (9124.000.000) 09/29 15:33:12 Job executing on host: MPI_job
...
015 (9124.000.000) 09/29 15:33:16 Node 0 terminated.
	(1) Normal termination (return value 0)
		Usr 0 00:00:00, Sys 0 00:00:00  -  Run Remote Usage
		Usr 0 00:00:00, Sys 0 00:00:00  -  Run Local Usage
		Usr 0 00:00:00, Sys 0 00:00:00  -  Total Remote Usage
		Usr 0 00:00:00, Sys 0 00:00:00  -  Total Local Usage
	0  -  Run Bytes Sent By Node
	0  -  Run Bytes Received By Node
	0  -  Total Bytes Sent By Node
	0  -  Total Bytes Received By Node
...
005 (9124.000.000) 09/29 15:33:16 Job terminated.
	(1) Normal termination (return value 0)
		Usr 0 00:00:00, Sys 0 00:00:00  -  Run Remote Usage
		Usr 0 00:00:00, Sys 0 00:00:00  -  Run Local Usage
		Usr 0 00:00:00, Sys 0 00:00:00  -  Total Remote Usage
		Usr 0 00:00:00, Sys 0 00:00:00  -  Total Local Usage
	0  -  Run Bytes Sent By Job
	0  -  Run Bytes Received By Job
	0  -  Total Bytes Sent By Job
	0  -  Total Bytes Received By Job
	Partitionable Resources :    Usage  Request Allocated
	   Cpus                 :                 2        10
	   Disk (KB)            :        3        3    761631
	   Gpus                 :                           0
	   Memory (MB)          :        1        1     28928
...
000 (9126.000.000) 09/29 15:34:36 Job submitted from host: <192.168.11.117:9618?addrs=192.168.11.117-9618+[--1]-9618&noUDP&sock=2590_6ac9_3>
...
014 (9126.000.000) 09/29 15:34:46 Node 0 executing on host: <192.168.11.101:9618?addrs=192.168.11.101-9618+[--1]-9618&noUDP&sock=2456_c2b7_3>
...
014 (9126.000.002) 09/29 15:34:46 Node 2 executing on host: <192.168.11.101:9618?addrs=192.168.11.101-9618+[--1]-9618&noUDP&sock=2456_c2b7_3>
...
014 (9126.000.004) 09/29 15:34:46 Node 4 executing on host: <192.168.11.111:9618?addrs=192.168.11.111-9618+[--1]-9618&noUDP&sock=2438_6a02_3>
...
014 (9126.000.001) 09/29 15:34:46 Node 1 executing on host: <192.168.11.110:9618?addrs=192.168.11.110-9618+[--1]-9618&noUDP&sock=2458_21e7_3>
...
014 (9126.000.003) 09/29 15:34:46 Node 3 executing on host: <192.168.11.110:9618?addrs=192.168.11.110-9618+[--1]-9618&noUDP&sock=2458_21e7_3>
...
014 (9126.000.005) 09/29 15:34:46 Node 5 executing on host: <192.168.11.102:9618?addrs=192.168.11.102-9618+[--1]-9618&noUDP&sock=2451_54be_3>
...
014 (9126.000.007) 09/29 15:34:46 Node 7 executing on host: <192.168.11.102:9618?addrs=192.168.11.102-9618+[--1]-9618&noUDP&sock=2451_54be_3>
...
014 (9126.000.006) 09/29 15:34:46 Node 6 executing on host: <192.168.11.111:9618?addrs=192.168.11.111-9618+[--1]-9618&noUDP&sock=2438_6a02_3>
...
001 (9126.000.000) 09/29 15:34:46 Job executing on host: MPI_job
...
015 (9126.000.000) 09/29 15:34:49 Node 0 terminated.
	(1) Normal termination (return value 0)
		Usr 0 00:00:00, Sys 0 00:00:00  -  Run Remote Usage
		Usr 0 00:00:00, Sys 0 00:00:00  -  Run Local Usage
		Usr 0 00:00:00, Sys 0 00:00:00  -  Total Remote Usage
		Usr 0 00:00:00, Sys 0 00:00:00  -  Total Local Usage
	0  -  Run Bytes Sent By Node
	0  -  Run Bytes Received By Node
	0  -  Total Bytes Sent By Node
	0  -  Total Bytes Received By Node
...
005 (9126.000.000) 09/29 15:34:50 Job terminated.
	(1) Normal termination (return value 0)
		Usr 0 00:00:00, Sys 0 00:00:00  -  Run Remote Usage
		Usr 0 00:00:00, Sys 0 00:00:00  -  Run Local Usage
		Usr 0 00:00:00, Sys 0 00:00:00  -  Total Remote Usage
		Usr 0 00:00:00, Sys 0 00:00:00  -  Total Local Usage
	0  -  Run Bytes Sent By Job
	0  -  Run Bytes Received By Job
	0  -  Total Bytes Sent By Job
	0  -  Total Bytes Received By Job
	Partitionable Resources :    Usage  Request Allocated
	   Cpus                 :                 2        10
	   Disk (KB)            :        3        3    761630
	   Gpus                 :                           0
	   Memory (MB)          :        1        1     28928
...
000 (9130.000.000) 09/29 15:53:36 Job submitted from host: <192.168.11.117:9618?addrs=192.168.11.117-9618+[--1]-9618&noUDP&sock=2590_6ac9_3>
...
014 (9130.000.001) 09/29 15:53:47 Node 1 executing on host: <192.168.11.110:9618?addrs=192.168.11.110-9618+[--1]-9618&noUDP&sock=2458_21e7_3>
...
014 (9130.000.003) 09/29 15:53:47 Node 3 executing on host: <192.168.11.110:9618?addrs=192.168.11.110-9618+[--1]-9618&noUDP&sock=2458_21e7_3>
...
014 (9130.000.005) 09/29 15:53:47 Node 5 executing on host: <192.168.11.102:9618?addrs=192.168.11.102-9618+[--1]-9618&noUDP&sock=2451_54be_3>
...
014 (9130.000.007) 09/29 15:53:47 Node 7 executing on host: <192.168.11.102:9618?addrs=192.168.11.102-9618+[--1]-9618&noUDP&sock=2451_54be_3>
...
014 (9130.000.004) 09/29 15:53:47 Node 4 executing on host: <192.168.11.111:9618?addrs=192.168.11.111-9618+[--1]-9618&noUDP&sock=2438_6a02_3>
...
014 (9130.000.006) 09/29 15:53:47 Node 6 executing on host: <192.168.11.111:9618?addrs=192.168.11.111-9618+[--1]-9618&noUDP&sock=2438_6a02_3>
...
014 (9130.000.002) 09/29 15:53:47 Node 2 executing on host: <192.168.11.101:9618?addrs=192.168.11.101-9618+[--1]-9618&noUDP&sock=2456_c2b7_3>
...
014 (9130.000.000) 09/29 15:53:47 Node 0 executing on host: <192.168.11.101:9618?addrs=192.168.11.101-9618+[--1]-9618&noUDP&sock=2456_c2b7_3>
...
001 (9130.000.000) 09/29 15:53:47 Job executing on host: MPI_job
...
015 (9130.000.000) 09/29 15:53:51 Node 0 terminated.
	(1) Normal termination (return value 0)
		Usr 0 00:00:00, Sys 0 00:00:00  -  Run Remote Usage
		Usr 0 00:00:00, Sys 0 00:00:00  -  Run Local Usage
		Usr 0 00:00:00, Sys 0 00:00:00  -  Total Remote Usage
		Usr 0 00:00:00, Sys 0 00:00:00  -  Total Local Usage
	0  -  Run Bytes Sent By Node
	0  -  Run Bytes Received By Node
	0  -  Total Bytes Sent By Node
	0  -  Total Bytes Received By Node
...
005 (9130.000.000) 09/29 15:53:51 Job terminated.
	(1) Normal termination (return value 0)
		Usr 0 00:00:00, Sys 0 00:00:00  -  Run Remote Usage
		Usr 0 00:00:00, Sys 0 00:00:00  -  Run Local Usage
		Usr 0 00:00:00, Sys 0 00:00:00  -  Total Remote Usage
		Usr 0 00:00:00, Sys 0 00:00:00  -  Total Local Usage
	0  -  Run Bytes Sent By Job
	0  -  Run Bytes Received By Job
	0  -  Total Bytes Sent By Job
	0  -  Total Bytes Received By Job
	Partitionable Resources :    Usage  Request Allocated
	   Cpus                 :                 2        10
	   Disk (KB)            :        3        3    761630
	   Gpus                 :                           0
	   Memory (MB)          :        1        1     28928
...
000 (9131.000.000) 09/29 15:54:47 Job submitted from host: <192.168.11.117:9618?addrs=192.168.11.117-9618+[--1]-9618&noUDP&sock=2590_6ac9_3>
...
014 (9131.000.000) 09/29 15:54:58 Node 0 executing on host: <192.168.11.103:9618?addrs=192.168.11.103-9618+[--1]-9618&noUDP&sock=2446_e6c4_3>
...
014 (9131.000.001) 09/29 15:54:58 Node 1 executing on host: <192.168.11.112:9618?addrs=192.168.11.112-9618+[--1]-9618&noUDP&sock=2459_d180_3>
...
014 (9131.000.002) 09/29 15:54:58 Node 2 executing on host: <192.168.11.103:9618?addrs=192.168.11.103-9618+[--1]-9618&noUDP&sock=2446_e6c4_3>
...
014 (9131.000.003) 09/29 15:54:58 Node 3 executing on host: <192.168.11.112:9618?addrs=192.168.11.112-9618+[--1]-9618&noUDP&sock=2459_d180_3>
...
014 (9131.000.005) 09/29 15:54:58 Node 5 executing on host: <192.168.11.104:9618?addrs=192.168.11.104-9618+[--1]-9618&noUDP&sock=2452_0456_3>
...
014 (9131.000.007) 09/29 15:54:58 Node 7 executing on host: <192.168.11.104:9618?addrs=192.168.11.104-9618+[--1]-9618&noUDP&sock=2452_0456_3>
...
014 (9131.000.004) 09/29 15:54:58 Node 4 executing on host: <192.168.11.113:9618?addrs=192.168.11.113-9618+[--1]-9618&noUDP&sock=2433_fc09_3>
...
014 (9131.000.006) 09/29 15:54:58 Node 6 executing on host: <192.168.11.113:9618?addrs=192.168.11.113-9618+[--1]-9618&noUDP&sock=2433_fc09_3>
...
001 (9131.000.000) 09/29 15:54:58 Job executing on host: MPI_job
...
015 (9131.000.000) 09/29 15:55:02 Node 0 terminated.
	(1) Normal termination (return value 0)
		Usr 0 00:00:00, Sys 0 00:00:00  -  Run Remote Usage
		Usr 0 00:00:00, Sys 0 00:00:00  -  Run Local Usage
		Usr 0 00:00:00, Sys 0 00:00:00  -  Total Remote Usage
		Usr 0 00:00:00, Sys 0 00:00:00  -  Total Local Usage
	0  -  Run Bytes Sent By Node
	0  -  Run Bytes Received By Node
	0  -  Total Bytes Sent By Node
	0  -  Total Bytes Received By Node
...
005 (9131.000.000) 09/29 15:55:02 Job terminated.
	(1) Normal termination (return value 0)
		Usr 0 00:00:00, Sys 0 00:00:00  -  Run Remote Usage
		Usr 0 00:00:00, Sys 0 00:00:00  -  Run Local Usage
		Usr 0 00:00:00, Sys 0 00:00:00  -  Total Remote Usage
		Usr 0 00:00:00, Sys 0 00:00:00  -  Total Local Usage
	0  -  Run Bytes Sent By Job
	0  -  Run Bytes Received By Job
	0  -  Total Bytes Sent By Job
	0  -  Total Bytes Received By Job
	Partitionable Resources :    Usage  Request Allocated
	   Cpus                 :                 2        10
	   Disk (KB)            :        3        3    762122
	   Gpus                 :                           0
	   Memory (MB)          :        1        1     28928
...
000 (9132.000.000) 09/29 15:55:24 Job submitted from host: <192.168.11.117:9618?addrs=192.168.11.117-9618+[--1]-9618&noUDP&sock=2590_6ac9_3>
...
014 (9132.000.000) 09/29 15:55:35 Node 0 executing on host: <192.168.11.101:9618?addrs=192.168.11.101-9618+[--1]-9618&noUDP&sock=2456_c2b7_3>
...
014 (9132.000.001) 09/29 15:55:35 Node 1 executing on host: <192.168.11.110:9618?addrs=192.168.11.110-9618+[--1]-9618&noUDP&sock=2458_21e7_3>
...
014 (9132.000.002) 09/29 15:55:35 Node 2 executing on host: <192.168.11.101:9618?addrs=192.168.11.101-9618+[--1]-9618&noUDP&sock=2456_c2b7_3>
...
014 (9132.000.003) 09/29 15:55:35 Node 3 executing on host: <192.168.11.110:9618?addrs=192.168.11.110-9618+[--1]-9618&noUDP&sock=2458_21e7_3>
...
014 (9132.000.004) 09/29 15:55:35 Node 4 executing on host: <192.168.11.111:9618?addrs=192.168.11.111-9618+[--1]-9618&noUDP&sock=2438_6a02_3>
...
014 (9132.000.006) 09/29 15:55:35 Node 6 executing on host: <192.168.11.111:9618?addrs=192.168.11.111-9618+[--1]-9618&noUDP&sock=2438_6a02_3>
...
014 (9132.000.005) 09/29 15:55:35 Node 5 executing on host: <192.168.11.102:9618?addrs=192.168.11.102-9618+[--1]-9618&noUDP&sock=2451_54be_3>
...
014 (9132.000.007) 09/29 15:55:35 Node 7 executing on host: <192.168.11.102:9618?addrs=192.168.11.102-9618+[--1]-9618&noUDP&sock=2451_54be_3>
...
001 (9132.000.000) 09/29 15:55:35 Job executing on host: MPI_job
...
015 (9132.000.000) 09/29 15:55:39 Node 0 terminated.
	(1) Normal termination (return value 0)
		Usr 0 00:00:00, Sys 0 00:00:00  -  Run Remote Usage
		Usr 0 00:00:00, Sys 0 00:00:00  -  Run Local Usage
		Usr 0 00:00:00, Sys 0 00:00:00  -  Total Remote Usage
		Usr 0 00:00:00, Sys 0 00:00:00  -  Total Local Usage
	0  -  Run Bytes Sent By Node
	0  -  Run Bytes Received By Node
	0  -  Total Bytes Sent By Node
	0  -  Total Bytes Received By Node
...
005 (9132.000.000) 09/29 15:55:39 Job terminated.
	(1) Normal termination (return value 0)
		Usr 0 00:00:00, Sys 0 00:00:00  -  Run Remote Usage
		Usr 0 00:00:00, Sys 0 00:00:00  -  Run Local Usage
		Usr 0 00:00:00, Sys 0 00:00:00  -  Total Remote Usage
		Usr 0 00:00:00, Sys 0 00:00:00  -  Total Local Usage
	0  -  Run Bytes Sent By Job
	0  -  Run Bytes Received By Job
	0  -  Total Bytes Sent By Job
	0  -  Total Bytes Received By Job
	Partitionable Resources :    Usage  Request Allocated
	   Cpus                 :                 2        10
	   Disk (KB)            :        3        3    761630
	   Gpus                 :                           0
	   Memory (MB)          :        1        1     28928
...
000 (9136.000.000) 09/29 16:06:32 Job submitted from host: <192.168.11.117:9618?addrs=192.168.11.117-9618+[--1]-9618&noUDP&sock=2590_6ac9_3>
...
014 (9136.000.001) 09/29 16:06:33 Node 1 executing on host: <192.168.11.103:9618?addrs=192.168.11.103-9618+[--1]-9618&noUDP&sock=2446_e6c4_3>
...
014 (9136.000.003) 09/29 16:06:33 Node 3 executing on host: <192.168.11.103:9618?addrs=192.168.11.103-9618+[--1]-9618&noUDP&sock=2446_e6c4_3>
...
014 (9136.000.000) 09/29 16:06:33 Node 0 executing on host: <192.168.11.112:9618?addrs=192.168.11.112-9618+[--1]-9618&noUDP&sock=2459_d180_3>
...
014 (9136.000.002) 09/29 16:06:33 Node 2 executing on host: <192.168.11.112:9618?addrs=192.168.11.112-9618+[--1]-9618&noUDP&sock=2459_d180_3>
...
014 (9136.000.005) 09/29 16:06:33 Node 5 executing on host: <192.168.11.104:9618?addrs=192.168.11.104-9618+[--1]-9618&noUDP&sock=2452_0456_3>
...
014 (9136.000.004) 09/29 16:06:33 Node 4 executing on host: <192.168.11.113:9618?addrs=192.168.11.113-9618+[--1]-9618&noUDP&sock=2433_fc09_3>
...
014 (9136.000.006) 09/29 16:06:33 Node 6 executing on host: <192.168.11.113:9618?addrs=192.168.11.113-9618+[--1]-9618&noUDP&sock=2433_fc09_3>
...
014 (9136.000.007) 09/29 16:06:33 Node 7 executing on host: <192.168.11.104:9618?addrs=192.168.11.104-9618+[--1]-9618&noUDP&sock=2452_0456_3>
...
001 (9136.000.000) 09/29 16:06:33 Job executing on host: MPI_job
...
015 (9136.000.000) 09/29 16:06:37 Node 0 terminated.
	(1) Normal termination (return value 0)
		Usr 0 00:00:00, Sys 0 00:00:00  -  Run Remote Usage
		Usr 0 00:00:00, Sys 0 00:00:00  -  Run Local Usage
		Usr 0 00:00:00, Sys 0 00:00:00  -  Total Remote Usage
		Usr 0 00:00:00, Sys 0 00:00:00  -  Total Local Usage
	0  -  Run Bytes Sent By Node
	0  -  Run Bytes Received By Node
	0  -  Total Bytes Sent By Node
	0  -  Total Bytes Received By Node
...
005 (9136.000.000) 09/29 16:06:37 Job terminated.
	(1) Normal termination (return value 0)
		Usr 0 00:00:00, Sys 0 00:00:00  -  Run Remote Usage
		Usr 0 00:00:00, Sys 0 00:00:00  -  Run Local Usage
		Usr 0 00:00:00, Sys 0 00:00:00  -  Total Remote Usage
		Usr 0 00:00:00, Sys 0 00:00:00  -  Total Local Usage
	0  -  Run Bytes Sent By Job
	0  -  Run Bytes Received By Job
	0  -  Total Bytes Sent By Job
	0  -  Total Bytes Received By Job
	Partitionable Resources :    Usage  Request Allocated
	   Cpus                 :                 2        10
	   Disk (KB)            :        3        3    762123
	   Gpus                 :                           0
	   Memory (MB)          :        1        1     28928
...
000 (9137.000.000) 09/29 16:09:08 Job submitted from host: <192.168.11.117:9618?addrs=192.168.11.117-9618+[--1]-9618&noUDP&sock=2590_6ac9_3>
...
014 (9137.000.000) 09/29 16:09:25 Node 0 executing on host: <192.168.11.101:9618?addrs=192.168.11.101-9618+[--1]-9618&noUDP&sock=2456_c2b7_3>
...
014 (9137.000.002) 09/29 16:09:25 Node 2 executing on host: <192.168.11.101:9618?addrs=192.168.11.101-9618+[--1]-9618&noUDP&sock=2456_c2b7_3>
...
014 (9137.000.005) 09/29 16:09:25 Node 5 executing on host: <192.168.11.111:9618?addrs=192.168.11.111-9618+[--1]-9618&noUDP&sock=2438_6a02_3>
...
014 (9137.000.001) 09/29 16:09:25 Node 1 executing on host: <192.168.11.110:9618?addrs=192.168.11.110-9618+[--1]-9618&noUDP&sock=2458_21e7_3>
...
014 (9137.000.003) 09/29 16:09:25 Node 3 executing on host: <192.168.11.110:9618?addrs=192.168.11.110-9618+[--1]-9618&noUDP&sock=2458_21e7_3>
...
014 (9137.000.006) 09/29 16:09:25 Node 6 executing on host: <192.168.11.102:9618?addrs=192.168.11.102-9618+[--1]-9618&noUDP&sock=2451_54be_3>
...
014 (9137.000.004) 09/29 16:09:25 Node 4 executing on host: <192.168.11.102:9618?addrs=192.168.11.102-9618+[--1]-9618&noUDP&sock=2451_54be_3>
...
014 (9137.000.007) 09/29 16:09:25 Node 7 executing on host: <192.168.11.111:9618?addrs=192.168.11.111-9618+[--1]-9618&noUDP&sock=2438_6a02_3>
...
001 (9137.000.000) 09/29 16:09:25 Job executing on host: MPI_job
...
015 (9137.000.000) 09/29 16:09:29 Node 0 terminated.
	(1) Normal termination (return value 0)
		Usr 0 00:00:00, Sys 0 00:00:00  -  Run Remote Usage
		Usr 0 00:00:00, Sys 0 00:00:00  -  Run Local Usage
		Usr 0 00:00:00, Sys 0 00:00:00  -  Total Remote Usage
		Usr 0 00:00:00, Sys 0 00:00:00  -  Total Local Usage
	0  -  Run Bytes Sent By Node
	0  -  Run Bytes Received By Node
	0  -  Total Bytes Sent By Node
	0  -  Total Bytes Received By Node
...
005 (9137.000.000) 09/29 16:09:29 Job terminated.
	(1) Normal termination (return value 0)
		Usr 0 00:00:00, Sys 0 00:00:00  -  Run Remote Usage
		Usr 0 00:00:00, Sys 0 00:00:00  -  Run Local Usage
		Usr 0 00:00:00, Sys 0 00:00:00  -  Total Remote Usage
		Usr 0 00:00:00, Sys 0 00:00:00  -  Total Local Usage
	0  -  Run Bytes Sent By Job
	0  -  Run Bytes Received By Job
	0  -  Total Bytes Sent By Job
	0  -  Total Bytes Received By Job
	Partitionable Resources :    Usage  Request Allocated
	   Cpus                 :                 2        10
	   Disk (KB)            :        3        3    761630
	   Gpus                 :                           0
	   Memory (MB)          :        1        1     28928
...
000 (9146.000.000) 09/29 16:44:39 Job submitted from host: <192.168.11.117:9618?addrs=192.168.11.117-9618+[--1]-9618&noUDP&sock=2590_6ac9_3>
...
014 (9146.000.001) 09/29 16:44:50 Node 1 executing on host: <192.168.11.101:9618?addrs=192.168.11.101-9618+[--1]-9618&noUDP&sock=2456_c2b7_3>
...
014 (9146.000.003) 09/29 16:44:50 Node 3 executing on host: <192.168.11.101:9618?addrs=192.168.11.101-9618+[--1]-9618&noUDP&sock=2456_c2b7_3>
...
014 (9146.000.000) 09/29 16:44:50 Node 0 executing on host: <192.168.11.110:9618?addrs=192.168.11.110-9618+[--1]-9618&noUDP&sock=2458_21e7_3>
...
014 (9146.000.002) 09/29 16:44:50 Node 2 executing on host: <192.168.11.110:9618?addrs=192.168.11.110-9618+[--1]-9618&noUDP&sock=2458_21e7_3>
...
014 (9146.000.004) 09/29 16:44:50 Node 4 executing on host: <192.168.11.111:9618?addrs=192.168.11.111-9618+[--1]-9618&noUDP&sock=2438_6a02_3>
...
014 (9146.000.006) 09/29 16:44:50 Node 6 executing on host: <192.168.11.111:9618?addrs=192.168.11.111-9618+[--1]-9618&noUDP&sock=2438_6a02_3>
...
014 (9146.000.005) 09/29 16:44:50 Node 5 executing on host: <192.168.11.102:9618?addrs=192.168.11.102-9618+[--1]-9618&noUDP&sock=2451_54be_3>
...
014 (9146.000.007) 09/29 16:44:50 Node 7 executing on host: <192.168.11.102:9618?addrs=192.168.11.102-9618+[--1]-9618&noUDP&sock=2451_54be_3>
...
001 (9146.000.000) 09/29 16:44:50 Job executing on host: MPI_job
...
015 (9146.000.000) 09/29 16:44:54 Node 0 terminated.
	(1) Normal termination (return value 0)
		Usr 0 00:00:00, Sys 0 00:00:00  -  Run Remote Usage
		Usr 0 00:00:00, Sys 0 00:00:00  -  Run Local Usage
		Usr 0 00:00:00, Sys 0 00:00:00  -  Total Remote Usage
		Usr 0 00:00:00, Sys 0 00:00:00  -  Total Local Usage
	0  -  Run Bytes Sent By Node
	0  -  Run Bytes Received By Node
	0  -  Total Bytes Sent By Node
	0  -  Total Bytes Received By Node
...
005 (9146.000.000) 09/29 16:44:54 Job terminated.
	(1) Normal termination (return value 0)
		Usr 0 00:00:00, Sys 0 00:00:00  -  Run Remote Usage
		Usr 0 00:00:00, Sys 0 00:00:00  -  Run Local Usage
		Usr 0 00:00:00, Sys 0 00:00:00  -  Total Remote Usage
		Usr 0 00:00:00, Sys 0 00:00:00  -  Total Local Usage
	0  -  Run Bytes Sent By Job
	0  -  Run Bytes Received By Job
	0  -  Total Bytes Sent By Job
	0  -  Total Bytes Received By Job
	Partitionable Resources :    Usage  Request Allocated
	   Cpus                 :                 2        10
	   Disk (KB)            :        3        3    762088
	   Gpus                 :                           0
	   Memory (MB)          :        1        1     28928
...
000 (9147.000.000) 09/29 16:46:18 Job submitted from host: <192.168.11.117:9618?addrs=192.168.11.117-9618+[--1]-9618&noUDP&sock=2590_6ac9_3>
...
014 (9147.000.000) 09/29 16:46:20 Node 0 executing on host: <192.168.11.105:9618?addrs=192.168.11.105-9618+[--1]-9618&noUDP&sock=2466_9ea9_3>
...
014 (9147.000.002) 09/29 16:46:20 Node 2 executing on host: <192.168.11.105:9618?addrs=192.168.11.105-9618+[--1]-9618&noUDP&sock=2466_9ea9_3>
...
014 (9147.000.005) 09/29 16:46:20 Node 5 executing on host: <192.168.11.106:9618?addrs=192.168.11.106-9618+[--1]-9618&noUDP&sock=2439_199b_3>
...
014 (9147.000.007) 09/29 16:46:20 Node 7 executing on host: <192.168.11.106:9618?addrs=192.168.11.106-9618+[--1]-9618&noUDP&sock=2439_199b_3>
...
014 (9147.000.004) 09/29 16:46:20 Node 4 executing on host: <192.168.11.115:9618?addrs=192.168.11.115-9618+[--1]-9618&noUDP&sock=2449_f58d_3>
...
014 (9147.000.006) 09/29 16:46:20 Node 6 executing on host: <192.168.11.115:9618?addrs=192.168.11.115-9618+[--1]-9618&noUDP&sock=2449_f58d_3>
...
014 (9147.000.001) 09/29 16:46:20 Node 1 executing on host: <192.168.11.114:9618?addrs=192.168.11.114-9618+[--1]-9618&noUDP&sock=2436_0ad2_3>
...
014 (9147.000.003) 09/29 16:46:20 Node 3 executing on host: <192.168.11.114:9618?addrs=192.168.11.114-9618+[--1]-9618&noUDP&sock=2436_0ad2_3>
...
001 (9147.000.000) 09/29 16:46:20 Job executing on host: MPI_job
...
015 (9147.000.000) 09/29 16:46:24 Node 0 terminated.
	(1) Normal termination (return value 0)
		Usr 0 00:00:00, Sys 0 00:00:00  -  Run Remote Usage
		Usr 0 00:00:00, Sys 0 00:00:00  -  Run Local Usage
		Usr 0 00:00:00, Sys 0 00:00:00  -  Total Remote Usage
		Usr 0 00:00:00, Sys 0 00:00:00  -  Total Local Usage
	0  -  Run Bytes Sent By Node
	0  -  Run Bytes Received By Node
	0  -  Total Bytes Sent By Node
	0  -  Total Bytes Received By Node
...
005 (9147.000.000) 09/29 16:46:24 Job terminated.
	(1) Normal termination (return value 0)
		Usr 0 00:00:00, Sys 0 00:00:00  -  Run Remote Usage
		Usr 0 00:00:00, Sys 0 00:00:00  -  Run Local Usage
		Usr 0 00:00:00, Sys 0 00:00:00  -  Total Remote Usage
		Usr 0 00:00:00, Sys 0 00:00:00  -  Total Local Usage
	0  -  Run Bytes Sent By Job
	0  -  Run Bytes Received By Job
	0  -  Total Bytes Sent By Job
	0  -  Total Bytes Received By Job
	Partitionable Resources :    Usage  Request Allocated
	   Cpus                 :                 2        10
	   Disk (KB)            :        3        3    762140
	   Gpus                 :                           0
	   Memory (MB)          :        1        1     28928
...
000 (9153.000.000) 09/29 16:52:29 Job submitted from host: <192.168.11.117:9618?addrs=192.168.11.117-9618+[--1]-9618&noUDP&sock=2590_6ac9_3>
...
014 (9153.000.000) 09/29 16:52:37 Node 0 executing on host: <192.168.11.110:9618?addrs=192.168.11.110-9618+[--1]-9618&noUDP&sock=2458_21e7_3>
...
014 (9153.000.002) 09/29 16:52:37 Node 2 executing on host: <192.168.11.110:9618?addrs=192.168.11.110-9618+[--1]-9618&noUDP&sock=2458_21e7_3>
...
014 (9153.000.001) 09/29 16:52:37 Node 1 executing on host: <192.168.11.101:9618?addrs=192.168.11.101-9618+[--1]-9618&noUDP&sock=2456_c2b7_3>
...
014 (9153.000.003) 09/29 16:52:37 Node 3 executing on host: <192.168.11.101:9618?addrs=192.168.11.101-9618+[--1]-9618&noUDP&sock=2456_c2b7_3>
...
014 (9153.000.004) 09/29 16:52:37 Node 4 executing on host: <192.168.11.102:9618?addrs=192.168.11.102-9618+[--1]-9618&noUDP&sock=2451_54be_3>
...
014 (9153.000.006) 09/29 16:52:37 Node 6 executing on host: <192.168.11.102:9618?addrs=192.168.11.102-9618+[--1]-9618&noUDP&sock=2451_54be_3>
...
014 (9153.000.005) 09/29 16:52:37 Node 5 executing on host: <192.168.11.111:9618?addrs=192.168.11.111-9618+[--1]-9618&noUDP&sock=2438_6a02_3>
...
014 (9153.000.007) 09/29 16:52:37 Node 7 executing on host: <192.168.11.111:9618?addrs=192.168.11.111-9618+[--1]-9618&noUDP&sock=2438_6a02_3>
...
001 (9153.000.000) 09/29 16:52:37 Job executing on host: MPI_job
...
015 (9153.000.000) 09/29 16:52:40 Node 0 terminated.
	(1) Normal termination (return value 0)
		Usr 0 00:00:00, Sys 0 00:00:00  -  Run Remote Usage
		Usr 0 00:00:00, Sys 0 00:00:00  -  Run Local Usage
		Usr 0 00:00:00, Sys 0 00:00:00  -  Total Remote Usage
		Usr 0 00:00:00, Sys 0 00:00:00  -  Total Local Usage
	0  -  Run Bytes Sent By Node
	0  -  Run Bytes Received By Node
	0  -  Total Bytes Sent By Node
	0  -  Total Bytes Received By Node
...
005 (9153.000.000) 09/29 16:52:41 Job terminated.
	(1) Normal termination (return value 0)
		Usr 0 00:00:00, Sys 0 00:00:00  -  Run Remote Usage
		Usr 0 00:00:00, Sys 0 00:00:00  -  Run Local Usage
		Usr 0 00:00:00, Sys 0 00:00:00  -  Total Remote Usage
		Usr 0 00:00:00, Sys 0 00:00:00  -  Total Local Usage
	0  -  Run Bytes Sent By Job
	0  -  Run Bytes Received By Job
	0  -  Total Bytes Sent By Job
	0  -  Total Bytes Received By Job
	Partitionable Resources :    Usage  Request Allocated
	   Cpus                 :                 2        10
	   Disk (KB)            :        3        3    762088
	   Gpus                 :                           0
	   Memory (MB)          :        1        1     28928
...
000 (9156.000.000) 09/29 16:55:06 Job submitted from host: <192.168.11.117:9618?addrs=192.168.11.117-9618+[--1]-9618&noUDP&sock=2590_6ac9_3>
...
014 (9156.000.000) 09/29 16:55:14 Node 0 executing on host: <192.168.11.110:9618?addrs=192.168.11.110-9618+[--1]-9618&noUDP&sock=2458_21e7_3>
...
014 (9156.000.003) 09/29 16:55:14 Node 3 executing on host: <192.168.11.101:9618?addrs=192.168.11.101-9618+[--1]-9618&noUDP&sock=2456_c2b7_3>
...
014 (9156.000.001) 09/29 16:55:14 Node 1 executing on host: <192.168.11.101:9618?addrs=192.168.11.101-9618+[--1]-9618&noUDP&sock=2456_c2b7_3>
...
014 (9156.000.002) 09/29 16:55:14 Node 2 executing on host: <192.168.11.110:9618?addrs=192.168.11.110-9618+[--1]-9618&noUDP&sock=2458_21e7_3>
...
014 (9156.000.006) 09/29 16:55:14 Node 6 executing on host: <192.168.11.111:9618?addrs=192.168.11.111-9618+[--1]-9618&noUDP&sock=2438_6a02_3>
...
014 (9156.000.004) 09/29 16:55:14 Node 4 executing on host: <192.168.11.111:9618?addrs=192.168.11.111-9618+[--1]-9618&noUDP&sock=2438_6a02_3>
...
014 (9156.000.005) 09/29 16:55:14 Node 5 executing on host: <192.168.11.102:9618?addrs=192.168.11.102-9618+[--1]-9618&noUDP&sock=2451_54be_3>
...
014 (9156.000.007) 09/29 16:55:14 Node 7 executing on host: <192.168.11.102:9618?addrs=192.168.11.102-9618+[--1]-9618&noUDP&sock=2451_54be_3>
...
001 (9156.000.000) 09/29 16:55:14 Job executing on host: MPI_job
...
015 (9156.000.000) 09/29 16:55:18 Node 0 terminated.
	(1) Normal termination (return value 0)
		Usr 0 00:00:00, Sys 0 00:00:00  -  Run Remote Usage
		Usr 0 00:00:00, Sys 0 00:00:00  -  Run Local Usage
		Usr 0 00:00:00, Sys 0 00:00:00  -  Total Remote Usage
		Usr 0 00:00:00, Sys 0 00:00:00  -  Total Local Usage
	0  -  Run Bytes Sent By Node
	0  -  Run Bytes Received By Node
	0  -  Total Bytes Sent By Node
	0  -  Total Bytes Received By Node
...
005 (9156.000.000) 09/29 16:55:18 Job terminated.
	(1) Normal termination (return value 0)
		Usr 0 00:00:00, Sys 0 00:00:00  -  Run Remote Usage
		Usr 0 00:00:00, Sys 0 00:00:00  -  Run Local Usage
		Usr 0 00:00:00, Sys 0 00:00:00  -  Total Remote Usage
		Usr 0 00:00:00, Sys 0 00:00:00  -  Total Local Usage
	0  -  Run Bytes Sent By Job
	0  -  Run Bytes Received By Job
	0  -  Total Bytes Sent By Job
	0  -  Total Bytes Received By Job
	Partitionable Resources :    Usage  Request Allocated
	   Cpus                 :                 2        10
	   Disk (KB)            :        3        3    762087
	   Gpus                 :                           0
	   Memory (MB)          :        1        1     28928
...
000 (9157.000.000) 09/29 16:56:34 Job submitted from host: <192.168.11.117:9618?addrs=192.168.11.117-9618+[--1]-9618&noUDP&sock=2590_6ac9_3>
...
014 (9157.000.002) 09/29 16:56:45 Node 2 executing on host: <192.168.11.110:9618?addrs=192.168.11.110-9618+[--1]-9618&noUDP&sock=2458_21e7_3>
...
014 (9157.000.001) 09/29 16:56:45 Node 1 executing on host: <192.168.11.101:9618?addrs=192.168.11.101-9618+[--1]-9618&noUDP&sock=2456_c2b7_3>
...
014 (9157.000.003) 09/29 16:56:45 Node 3 executing on host: <192.168.11.101:9618?addrs=192.168.11.101-9618+[--1]-9618&noUDP&sock=2456_c2b7_3>
...
014 (9157.000.004) 09/29 16:56:45 Node 4 executing on host: <192.168.11.112:9618?addrs=192.168.11.112-9618+[--1]-9618&noUDP&sock=2459_d180_3>
...
014 (9157.000.006) 09/29 16:56:45 Node 6 executing on host: <192.168.11.112:9618?addrs=192.168.11.112-9618+[--1]-9618&noUDP&sock=2459_d180_3>
...
014 (9157.000.005) 09/29 16:56:45 Node 5 executing on host: <192.168.11.103:9618?addrs=192.168.11.103-9618+[--1]-9618&noUDP&sock=2446_e6c4_3>
...
014 (9157.000.007) 09/29 16:56:45 Node 7 executing on host: <192.168.11.103:9618?addrs=192.168.11.103-9618+[--1]-9618&noUDP&sock=2446_e6c4_3>
...
014 (9157.000.000) 09/29 16:56:45 Node 0 executing on host: <192.168.11.110:9618?addrs=192.168.11.110-9618+[--1]-9618&noUDP&sock=2458_21e7_3>
...
001 (9157.000.000) 09/29 16:56:45 Job executing on host: MPI_job
...
004 (9157.000.000) 09/29 16:58:02 Job was evicted.
	(0) Job was not checkpointed.
		Usr 0 00:03:48, Sys 0 00:00:00  -  Run Remote Usage
		Usr 0 00:00:00, Sys 0 00:00:00  -  Run Local Usage
	0  -  Run Bytes Sent By Job
	0  -  Run Bytes Received By Job
	Partitionable Resources :    Usage  Request Allocated
	   Cpus                 :                 2        10
	   Disk (KB)            :        3        3    762087
	   Gpus                 :                           0
	   Memory (MB)          :       29        1     28928
...
009 (9157.000.000) 09/29 16:58:02 Job was aborted by the user.
	via condor_rm (by user hiroki-h)
...
000 (9158.000.000) 09/29 17:05:23 Job submitted from host: <192.168.11.117:9618?addrs=192.168.11.117-9618+[--1]-9618&noUDP&sock=2590_6ac9_3>
...
014 (9158.000.001) 09/29 17:05:30 Node 1 executing on host: <192.168.11.110:9618?addrs=192.168.11.110-9618+[--1]-9618&noUDP&sock=2458_21e7_3>
...
014 (9158.000.003) 09/29 17:05:30 Node 3 executing on host: <192.168.11.110:9618?addrs=192.168.11.110-9618+[--1]-9618&noUDP&sock=2458_21e7_3>
...
014 (9158.000.000) 09/29 17:05:30 Node 0 executing on host: <192.168.11.101:9618?addrs=192.168.11.101-9618+[--1]-9618&noUDP&sock=2456_c2b7_3>
...
014 (9158.000.002) 09/29 17:05:30 Node 2 executing on host: <192.168.11.101:9618?addrs=192.168.11.101-9618+[--1]-9618&noUDP&sock=2456_c2b7_3>
...
014 (9158.000.004) 09/29 17:05:30 Node 4 executing on host: <192.168.11.111:9618?addrs=192.168.11.111-9618+[--1]-9618&noUDP&sock=2438_6a02_3>
...
014 (9158.000.006) 09/29 17:05:30 Node 6 executing on host: <192.168.11.111:9618?addrs=192.168.11.111-9618+[--1]-9618&noUDP&sock=2438_6a02_3>
...
014 (9158.000.007) 09/29 17:05:30 Node 7 executing on host: <192.168.11.102:9618?addrs=192.168.11.102-9618+[--1]-9618&noUDP&sock=2451_54be_3>
...
014 (9158.000.005) 09/29 17:05:30 Node 5 executing on host: <192.168.11.102:9618?addrs=192.168.11.102-9618+[--1]-9618&noUDP&sock=2451_54be_3>
...
001 (9158.000.000) 09/29 17:05:30 Job executing on host: MPI_job
...
015 (9158.000.000) 09/29 17:05:34 Node 0 terminated.
	(1) Normal termination (return value 0)
		Usr 0 00:00:00, Sys 0 00:00:00  -  Run Remote Usage
		Usr 0 00:00:00, Sys 0 00:00:00  -  Run Local Usage
		Usr 0 00:00:00, Sys 0 00:00:00  -  Total Remote Usage
		Usr 0 00:00:00, Sys 0 00:00:00  -  Total Local Usage
	0  -  Run Bytes Sent By Node
	0  -  Run Bytes Received By Node
	0  -  Total Bytes Sent By Node
	0  -  Total Bytes Received By Node
...
005 (9158.000.000) 09/29 17:05:34 Job terminated.
	(1) Normal termination (return value 0)
		Usr 0 00:00:00, Sys 0 00:00:00  -  Run Remote Usage
		Usr 0 00:00:00, Sys 0 00:00:00  -  Run Local Usage
		Usr 0 00:00:00, Sys 0 00:00:00  -  Total Remote Usage
		Usr 0 00:00:00, Sys 0 00:00:00  -  Total Local Usage
	0  -  Run Bytes Sent By Job
	0  -  Run Bytes Received By Job
	0  -  Total Bytes Sent By Job
	0  -  Total Bytes Received By Job
	Partitionable Resources :    Usage  Request Allocated
	   Cpus                 :                 2        10
	   Disk (KB)            :        3        3    761631
	   Gpus                 :                           0
	   Memory (MB)          :        1        1     28928
...
000 (9159.000.000) 09/29 17:06:24 Job submitted from host: <192.168.11.117:9618?addrs=192.168.11.117-9618+[--1]-9618&noUDP&sock=2590_6ac9_3>
...
014 (9159.000.001) 09/29 17:06:35 Node 1 executing on host: <192.168.11.101:9618?addrs=192.168.11.101-9618+[--1]-9618&noUDP&sock=2456_c2b7_3>
...
014 (9159.000.003) 09/29 17:06:35 Node 3 executing on host: <192.168.11.101:9618?addrs=192.168.11.101-9618+[--1]-9618&noUDP&sock=2456_c2b7_3>
...
014 (9159.000.000) 09/29 17:06:35 Node 0 executing on host: <192.168.11.110:9618?addrs=192.168.11.110-9618+[--1]-9618&noUDP&sock=2458_21e7_3>
...
014 (9159.000.002) 09/29 17:06:35 Node 2 executing on host: <192.168.11.110:9618?addrs=192.168.11.110-9618+[--1]-9618&noUDP&sock=2458_21e7_3>
...
014 (9159.000.004) 09/29 17:06:35 Node 4 executing on host: <192.168.11.112:9618?addrs=192.168.11.112-9618+[--1]-9618&noUDP&sock=2459_d180_3>
...
014 (9159.000.006) 09/29 17:06:35 Node 6 executing on host: <192.168.11.112:9618?addrs=192.168.11.112-9618+[--1]-9618&noUDP&sock=2459_d180_3>
...
014 (9159.000.007) 09/29 17:06:35 Node 7 executing on host: <192.168.11.103:9618?addrs=192.168.11.103-9618+[--1]-9618&noUDP&sock=2446_e6c4_3>
...
014 (9159.000.005) 09/29 17:06:35 Node 5 executing on host: <192.168.11.103:9618?addrs=192.168.11.103-9618+[--1]-9618&noUDP&sock=2446_e6c4_3>
...
001 (9159.000.000) 09/29 17:06:35 Job executing on host: MPI_job
...
015 (9159.000.000) 09/29 17:06:38 Node 0 terminated.
	(1) Normal termination (return value 0)
		Usr 0 00:00:00, Sys 0 00:00:00  -  Run Remote Usage
		Usr 0 00:00:00, Sys 0 00:00:00  -  Run Local Usage
		Usr 0 00:00:00, Sys 0 00:00:00  -  Total Remote Usage
		Usr 0 00:00:00, Sys 0 00:00:00  -  Total Local Usage
	0  -  Run Bytes Sent By Node
	0  -  Run Bytes Received By Node
	0  -  Total Bytes Sent By Node
	0  -  Total Bytes Received By Node
...
005 (9159.000.000) 09/29 17:06:38 Job terminated.
	(1) Normal termination (return value 0)
		Usr 0 00:00:00, Sys 0 00:00:00  -  Run Remote Usage
		Usr 0 00:00:00, Sys 0 00:00:00  -  Run Local Usage
		Usr 0 00:00:00, Sys 0 00:00:00  -  Total Remote Usage
		Usr 0 00:00:00, Sys 0 00:00:00  -  Total Local Usage
	0  -  Run Bytes Sent By Job
	0  -  Run Bytes Received By Job
	0  -  Total Bytes Sent By Job
	0  -  Total Bytes Received By Job
	Partitionable Resources :    Usage  Request Allocated
	   Cpus                 :                 2        10
	   Disk (KB)            :        3        3    762087
	   Gpus                 :                           0
	   Memory (MB)          :        1        1     28928
...
000 (9160.000.000) 09/29 17:24:34 Job submitted from host: <192.168.11.117:9618?addrs=192.168.11.117-9618+[--1]-9618&noUDP&sock=2590_6ac9_3>
...
014 (9160.000.001) 09/29 17:24:47 Node 1 executing on host: <192.168.11.101:9618?addrs=192.168.11.101-9618+[--1]-9618&noUDP&sock=2456_c2b7_3>
...
014 (9160.000.003) 09/29 17:24:47 Node 3 executing on host: <192.168.11.101:9618?addrs=192.168.11.101-9618+[--1]-9618&noUDP&sock=2456_c2b7_3>
...
014 (9160.000.005) 09/29 17:24:47 Node 5 executing on host: <192.168.11.102:9618?addrs=192.168.11.102-9618+[--1]-9618&noUDP&sock=2451_54be_3>
...
014 (9160.000.007) 09/29 17:24:47 Node 7 executing on host: <192.168.11.102:9618?addrs=192.168.11.102-9618+[--1]-9618&noUDP&sock=2451_54be_3>
...
014 (9160.000.004) 09/29 17:24:47 Node 4 executing on host: <192.168.11.111:9618?addrs=192.168.11.111-9618+[--1]-9618&noUDP&sock=2438_6a02_3>
...
014 (9160.000.006) 09/29 17:24:47 Node 6 executing on host: <192.168.11.111:9618?addrs=192.168.11.111-9618+[--1]-9618&noUDP&sock=2438_6a02_3>
...
014 (9160.000.000) 09/29 17:24:47 Node 0 executing on host: <192.168.11.110:9618?addrs=192.168.11.110-9618+[--1]-9618&noUDP&sock=2458_21e7_3>
...
014 (9160.000.002) 09/29 17:24:47 Node 2 executing on host: <192.168.11.110:9618?addrs=192.168.11.110-9618+[--1]-9618&noUDP&sock=2458_21e7_3>
...
001 (9160.000.000) 09/29 17:24:47 Job executing on host: MPI_job
...
015 (9160.000.000) 09/29 17:24:51 Node 0 terminated.
	(1) Normal termination (return value 0)
		Usr 0 00:00:00, Sys 0 00:00:00  -  Run Remote Usage
		Usr 0 00:00:00, Sys 0 00:00:00  -  Run Local Usage
		Usr 0 00:00:00, Sys 0 00:00:00  -  Total Remote Usage
		Usr 0 00:00:00, Sys 0 00:00:00  -  Total Local Usage
	0  -  Run Bytes Sent By Node
	0  -  Run Bytes Received By Node
	0  -  Total Bytes Sent By Node
	0  -  Total Bytes Received By Node
...
005 (9160.000.000) 09/29 17:24:51 Job terminated.
	(1) Normal termination (return value 0)
		Usr 0 00:00:00, Sys 0 00:00:00  -  Run Remote Usage
		Usr 0 00:00:00, Sys 0 00:00:00  -  Run Local Usage
		Usr 0 00:00:00, Sys 0 00:00:00  -  Total Remote Usage
		Usr 0 00:00:00, Sys 0 00:00:00  -  Total Local Usage
	0  -  Run Bytes Sent By Job
	0  -  Run Bytes Received By Job
	0  -  Total Bytes Sent By Job
	0  -  Total Bytes Received By Job
	Partitionable Resources :    Usage  Request Allocated
	   Cpus                 :                 2        10
	   Disk (KB)            :        3        3    762087
	   Gpus                 :                           0
	   Memory (MB)          :        1        1     28928
...
000 (9162.000.000) 09/29 17:29:53 Job submitted from host: <192.168.11.117:9618?addrs=192.168.11.117-9618+[--1]-9618&noUDP&sock=2590_6ac9_3>
...
014 (9162.000.001) 09/29 17:30:01 Node 1 executing on host: <192.168.11.110:9618?addrs=192.168.11.110-9618+[--1]-9618&noUDP&sock=2458_21e7_3>
...
014 (9162.000.003) 09/29 17:30:01 Node 3 executing on host: <192.168.11.110:9618?addrs=192.168.11.110-9618+[--1]-9618&noUDP&sock=2458_21e7_3>
...
014 (9162.000.000) 09/29 17:30:01 Node 0 executing on host: <192.168.11.101:9618?addrs=192.168.11.101-9618+[--1]-9618&noUDP&sock=2456_c2b7_3>
...
014 (9162.000.002) 09/29 17:30:01 Node 2 executing on host: <192.168.11.101:9618?addrs=192.168.11.101-9618+[--1]-9618&noUDP&sock=2456_c2b7_3>
...
014 (9162.000.004) 09/29 17:30:01 Node 4 executing on host: <192.168.11.111:9618?addrs=192.168.11.111-9618+[--1]-9618&noUDP&sock=2438_6a02_3>
...
014 (9162.000.005) 09/29 17:30:01 Node 5 executing on host: <192.168.11.102:9618?addrs=192.168.11.102-9618+[--1]-9618&noUDP&sock=2451_54be_3>
...
014 (9162.000.006) 09/29 17:30:01 Node 6 executing on host: <192.168.11.111:9618?addrs=192.168.11.111-9618+[--1]-9618&noUDP&sock=2438_6a02_3>
...
014 (9162.000.007) 09/29 17:30:01 Node 7 executing on host: <192.168.11.102:9618?addrs=192.168.11.102-9618+[--1]-9618&noUDP&sock=2451_54be_3>
...
001 (9162.000.000) 09/29 17:30:01 Job executing on host: MPI_job
...
015 (9162.000.000) 09/29 17:30:05 Node 0 terminated.
	(1) Normal termination (return value 0)
		Usr 0 00:00:00, Sys 0 00:00:00  -  Run Remote Usage
		Usr 0 00:00:00, Sys 0 00:00:00  -  Run Local Usage
		Usr 0 00:00:00, Sys 0 00:00:00  -  Total Remote Usage
		Usr 0 00:00:00, Sys 0 00:00:00  -  Total Local Usage
	0  -  Run Bytes Sent By Node
	0  -  Run Bytes Received By Node
	0  -  Total Bytes Sent By Node
	0  -  Total Bytes Received By Node
...
005 (9162.000.000) 09/29 17:30:05 Job terminated.
	(1) Normal termination (return value 0)
		Usr 0 00:00:00, Sys 0 00:00:00  -  Run Remote Usage
		Usr 0 00:00:00, Sys 0 00:00:00  -  Run Local Usage
		Usr 0 00:00:00, Sys 0 00:00:00  -  Total Remote Usage
		Usr 0 00:00:00, Sys 0 00:00:00  -  Total Local Usage
	0  -  Run Bytes Sent By Job
	0  -  Run Bytes Received By Job
	0  -  Total Bytes Sent By Job
	0  -  Total Bytes Received By Job
	Partitionable Resources :    Usage  Request Allocated
	   Cpus                 :                 2        10
	   Disk (KB)            :        3        3    761631
	   Gpus                 :                           0
	   Memory (MB)          :        1        1     28928
...
000 (9170.000.000) 09/29 17:42:37 Job submitted from host: <192.168.11.117:9618?addrs=192.168.11.117-9618+[--1]-9618&noUDP&sock=2590_6ac9_3>
...
014 (9170.000.001) 09/29 17:42:49 Node 1 executing on host: <192.168.11.110:9618?addrs=192.168.11.110-9618+[--1]-9618&noUDP&sock=2458_21e7_3>
...
014 (9170.000.003) 09/29 17:42:49 Node 3 executing on host: <192.168.11.110:9618?addrs=192.168.11.110-9618+[--1]-9618&noUDP&sock=2458_21e7_3>
...
014 (9170.000.005) 09/29 17:42:49 Node 5 executing on host: <192.168.11.102:9618?addrs=192.168.11.102-9618+[--1]-9618&noUDP&sock=2451_54be_3>
...
014 (9170.000.007) 09/29 17:42:49 Node 7 executing on host: <192.168.11.102:9618?addrs=192.168.11.102-9618+[--1]-9618&noUDP&sock=2451_54be_3>
...
014 (9170.000.000) 09/29 17:42:49 Node 0 executing on host: <192.168.11.101:9618?addrs=192.168.11.101-9618+[--1]-9618&noUDP&sock=2456_c2b7_3>
...
014 (9170.000.002) 09/29 17:42:49 Node 2 executing on host: <192.168.11.101:9618?addrs=192.168.11.101-9618+[--1]-9618&noUDP&sock=2456_c2b7_3>
...
014 (9170.000.004) 09/29 17:42:49 Node 4 executing on host: <192.168.11.111:9618?addrs=192.168.11.111-9618+[--1]-9618&noUDP&sock=2438_6a02_3>
...
014 (9170.000.006) 09/29 17:42:49 Node 6 executing on host: <192.168.11.111:9618?addrs=192.168.11.111-9618+[--1]-9618&noUDP&sock=2438_6a02_3>
...
001 (9170.000.000) 09/29 17:42:49 Job executing on host: MPI_job
...
015 (9170.000.000) 09/29 17:42:53 Node 0 terminated.
	(1) Normal termination (return value 0)
		Usr 0 00:00:00, Sys 0 00:00:00  -  Run Remote Usage
		Usr 0 00:00:00, Sys 0 00:00:00  -  Run Local Usage
		Usr 0 00:00:00, Sys 0 00:00:00  -  Total Remote Usage
		Usr 0 00:00:00, Sys 0 00:00:00  -  Total Local Usage
	0  -  Run Bytes Sent By Node
	0  -  Run Bytes Received By Node
	0  -  Total Bytes Sent By Node
	0  -  Total Bytes Received By Node
...
005 (9170.000.000) 09/29 17:42:53 Job terminated.
	(1) Normal termination (return value 0)
		Usr 0 00:00:00, Sys 0 00:00:00  -  Run Remote Usage
		Usr 0 00:00:00, Sys 0 00:00:00  -  Run Local Usage
		Usr 0 00:00:00, Sys 0 00:00:00  -  Total Remote Usage
		Usr 0 00:00:00, Sys 0 00:00:00  -  Total Local Usage
	0  -  Run Bytes Sent By Job
	0  -  Run Bytes Received By Job
	0  -  Total Bytes Sent By Job
	0  -  Total Bytes Received By Job
	Partitionable Resources :    Usage  Request Allocated
	   Cpus                 :                 2        10
	   Disk (KB)            :        3        3    761631
	   Gpus                 :                           0
	   Memory (MB)          :        1        1     28928
...
000 (9175.000.000) 09/29 17:53:15 Job submitted from host: <192.168.11.117:9618?addrs=192.168.11.117-9618+[--1]-9618&noUDP&sock=2590_6ac9_3>
...
014 (9175.000.001) 09/29 17:53:21 Node 1 executing on host: <192.168.11.101:9618?addrs=192.168.11.101-9618+[--1]-9618&noUDP&sock=2456_c2b7_3>
...
014 (9175.000.003) 09/29 17:53:21 Node 3 executing on host: <192.168.11.101:9618?addrs=192.168.11.101-9618+[--1]-9618&noUDP&sock=2456_c2b7_3>
...
014 (9175.000.006) 09/29 17:53:21 Node 6 executing on host: <192.168.11.111:9618?addrs=192.168.11.111-9618+[--1]-9618&noUDP&sock=2438_6a02_3>
...
014 (9175.000.004) 09/29 17:53:21 Node 4 executing on host: <192.168.11.111:9618?addrs=192.168.11.111-9618+[--1]-9618&noUDP&sock=2438_6a02_3>
...
014 (9175.000.000) 09/29 17:53:21 Node 0 executing on host: <192.168.11.110:9618?addrs=192.168.11.110-9618+[--1]-9618&noUDP&sock=2458_21e7_3>
...
014 (9175.000.002) 09/29 17:53:21 Node 2 executing on host: <192.168.11.110:9618?addrs=192.168.11.110-9618+[--1]-9618&noUDP&sock=2458_21e7_3>
...
014 (9175.000.005) 09/29 17:53:21 Node 5 executing on host: <192.168.11.102:9618?addrs=192.168.11.102-9618+[--1]-9618&noUDP&sock=2451_54be_3>
...
014 (9175.000.007) 09/29 17:53:21 Node 7 executing on host: <192.168.11.102:9618?addrs=192.168.11.102-9618+[--1]-9618&noUDP&sock=2451_54be_3>
...
001 (9175.000.000) 09/29 17:53:21 Job executing on host: MPI_job
...
015 (9175.000.000) 09/29 17:53:24 Node 0 terminated.
	(1) Normal termination (return value 0)
		Usr 0 00:00:00, Sys 0 00:00:00  -  Run Remote Usage
		Usr 0 00:00:00, Sys 0 00:00:00  -  Run Local Usage
		Usr 0 00:00:00, Sys 0 00:00:00  -  Total Remote Usage
		Usr 0 00:00:00, Sys 0 00:00:00  -  Total Local Usage
	0  -  Run Bytes Sent By Node
	0  -  Run Bytes Received By Node
	0  -  Total Bytes Sent By Node
	0  -  Total Bytes Received By Node
...
005 (9175.000.000) 09/29 17:53:24 Job terminated.
	(1) Normal termination (return value 0)
		Usr 0 00:00:00, Sys 0 00:00:00  -  Run Remote Usage
		Usr 0 00:00:00, Sys 0 00:00:00  -  Run Local Usage
		Usr 0 00:00:00, Sys 0 00:00:00  -  Total Remote Usage
		Usr 0 00:00:00, Sys 0 00:00:00  -  Total Local Usage
	0  -  Run Bytes Sent By Job
	0  -  Run Bytes Received By Job
	0  -  Total Bytes Sent By Job
	0  -  Total Bytes Received By Job
	Partitionable Resources :    Usage  Request Allocated
	   Cpus                 :                 2        10
	   Disk (KB)            :        3        3    762087
	   Gpus                 :                           0
	   Memory (MB)          :        1        1     28928
...
000 (9181.000.000) 09/29 17:58:55 Job submitted from host: <192.168.11.117:9618?addrs=192.168.11.117-9618+[--1]-9618&noUDP&sock=2590_6ac9_3>
...
014 (9181.000.001) 09/29 17:59:12 Node 1 executing on host: <192.168.11.110:9618?addrs=192.168.11.110-9618+[--1]-9618&noUDP&sock=2458_21e7_3>
...
014 (9181.000.002) 09/29 17:59:12 Node 2 executing on host: <192.168.11.101:9618?addrs=192.168.11.101-9618+[--1]-9618&noUDP&sock=2456_c2b7_3>
...
014 (9181.000.003) 09/29 17:59:12 Node 3 executing on host: <192.168.11.110:9618?addrs=192.168.11.110-9618+[--1]-9618&noUDP&sock=2458_21e7_3>
...
014 (9181.000.000) 09/29 17:59:12 Node 0 executing on host: <192.168.11.101:9618?addrs=192.168.11.101-9618+[--1]-9618&noUDP&sock=2456_c2b7_3>
...
014 (9181.000.004) 09/29 17:59:12 Node 4 executing on host: <192.168.11.111:9618?addrs=192.168.11.111-9618+[--1]-9618&noUDP&sock=2438_6a02_3>
...
014 (9181.000.006) 09/29 17:59:12 Node 6 executing on host: <192.168.11.111:9618?addrs=192.168.11.111-9618+[--1]-9618&noUDP&sock=2438_6a02_3>
...
014 (9181.000.005) 09/29 17:59:12 Node 5 executing on host: <192.168.11.102:9618?addrs=192.168.11.102-9618+[--1]-9618&noUDP&sock=2451_54be_3>
...
014 (9181.000.007) 09/29 17:59:12 Node 7 executing on host: <192.168.11.102:9618?addrs=192.168.11.102-9618+[--1]-9618&noUDP&sock=2451_54be_3>
...
001 (9181.000.000) 09/29 17:59:12 Job executing on host: MPI_job
...
015 (9181.000.000) 09/29 17:59:16 Node 0 terminated.
	(1) Normal termination (return value 0)
		Usr 0 00:00:00, Sys 0 00:00:00  -  Run Remote Usage
		Usr 0 00:00:00, Sys 0 00:00:00  -  Run Local Usage
		Usr 0 00:00:00, Sys 0 00:00:00  -  Total Remote Usage
		Usr 0 00:00:00, Sys 0 00:00:00  -  Total Local Usage
	0  -  Run Bytes Sent By Node
	0  -  Run Bytes Received By Node
	0  -  Total Bytes Sent By Node
	0  -  Total Bytes Received By Node
...
005 (9181.000.000) 09/29 17:59:16 Job terminated.
	(1) Normal termination (return value 0)
		Usr 0 00:00:00, Sys 0 00:00:00  -  Run Remote Usage
		Usr 0 00:00:00, Sys 0 00:00:00  -  Run Local Usage
		Usr 0 00:00:00, Sys 0 00:00:00  -  Total Remote Usage
		Usr 0 00:00:00, Sys 0 00:00:00  -  Total Local Usage
	0  -  Run Bytes Sent By Job
	0  -  Run Bytes Received By Job
	0  -  Total Bytes Sent By Job
	0  -  Total Bytes Received By Job
	Partitionable Resources :    Usage  Request Allocated
	   Cpus                 :                 2        10
	   Disk (KB)            :        3        3    761630
	   Gpus                 :                           0
	   Memory (MB)          :        1        1     28928
...
000 (9182.000.000) 09/29 18:03:39 Job submitted from host: <192.168.11.117:9618?addrs=192.168.11.117-9618+[--1]-9618&noUDP&sock=2590_6ac9_3>
...
014 (9182.000.001) 09/29 18:03:40 Node 1 executing on host: <192.168.11.112:9618?addrs=192.168.11.112-9618+[--1]-9618&noUDP&sock=2459_d180_3>
...
014 (9182.000.003) 09/29 18:03:40 Node 3 executing on host: <192.168.11.112:9618?addrs=192.168.11.112-9618+[--1]-9618&noUDP&sock=2459_d180_3>
...
014 (9182.000.000) 09/29 18:03:40 Node 0 executing on host: <192.168.11.103:9618?addrs=192.168.11.103-9618+[--1]-9618&noUDP&sock=2446_e6c4_3>
...
014 (9182.000.002) 09/29 18:03:40 Node 2 executing on host: <192.168.11.103:9618?addrs=192.168.11.103-9618+[--1]-9618&noUDP&sock=2446_e6c4_3>
...
014 (9182.000.004) 09/29 18:03:40 Node 4 executing on host: <192.168.11.113:9618?addrs=192.168.11.113-9618+[--1]-9618&noUDP&sock=2433_fc09_3>
...
014 (9182.000.006) 09/29 18:03:40 Node 6 executing on host: <192.168.11.113:9618?addrs=192.168.11.113-9618+[--1]-9618&noUDP&sock=2433_fc09_3>
...
014 (9182.000.005) 09/29 18:03:40 Node 5 executing on host: <192.168.11.104:9618?addrs=192.168.11.104-9618+[--1]-9618&noUDP&sock=2452_0456_3>
...
014 (9182.000.007) 09/29 18:03:40 Node 7 executing on host: <192.168.11.104:9618?addrs=192.168.11.104-9618+[--1]-9618&noUDP&sock=2452_0456_3>
...
001 (9182.000.000) 09/29 18:03:40 Job executing on host: MPI_job
...
015 (9182.000.000) 09/29 18:03:44 Node 0 terminated.
	(1) Normal termination (return value 0)
		Usr 0 00:00:00, Sys 0 00:00:00  -  Run Remote Usage
		Usr 0 00:00:00, Sys 0 00:00:00  -  Run Local Usage
		Usr 0 00:00:00, Sys 0 00:00:00  -  Total Remote Usage
		Usr 0 00:00:00, Sys 0 00:00:00  -  Total Local Usage
	0  -  Run Bytes Sent By Node
	0  -  Run Bytes Received By Node
	0  -  Total Bytes Sent By Node
	0  -  Total Bytes Received By Node
...
005 (9182.000.000) 09/29 18:03:44 Job terminated.
	(1) Normal termination (return value 0)
		Usr 0 00:00:00, Sys 0 00:00:00  -  Run Remote Usage
		Usr 0 00:00:00, Sys 0 00:00:00  -  Run Local Usage
		Usr 0 00:00:00, Sys 0 00:00:00  -  Total Remote Usage
		Usr 0 00:00:00, Sys 0 00:00:00  -  Total Local Usage
	0  -  Run Bytes Sent By Job
	0  -  Run Bytes Received By Job
	0  -  Total Bytes Sent By Job
	0  -  Total Bytes Received By Job
	Partitionable Resources :    Usage  Request Allocated
	   Cpus                 :                 2        10
	   Disk (KB)            :        3        3    762122
	   Gpus                 :                           0
	   Memory (MB)          :        1        1     28928
...
000 (9183.000.000) 09/29 18:10:55 Job submitted from host: <192.168.11.117:9618?addrs=192.168.11.117-9618+[--1]-9618&noUDP&sock=2590_6ac9_3>
...
014 (9183.000.000) 09/29 18:11:14 Node 0 executing on host: <192.168.11.101:9618?addrs=192.168.11.101-9618+[--1]-9618&noUDP&sock=2456_c2b7_3>
...
014 (9183.000.002) 09/29 18:11:14 Node 2 executing on host: <192.168.11.101:9618?addrs=192.168.11.101-9618+[--1]-9618&noUDP&sock=2456_c2b7_3>
...
014 (9183.000.005) 09/29 18:11:14 Node 5 executing on host: <192.168.11.102:9618?addrs=192.168.11.102-9618+[--1]-9618&noUDP&sock=2451_54be_3>
...
014 (9183.000.007) 09/29 18:11:14 Node 7 executing on host: <192.168.11.102:9618?addrs=192.168.11.102-9618+[--1]-9618&noUDP&sock=2451_54be_3>
...
014 (9183.000.001) 09/29 18:11:14 Node 1 executing on host: <192.168.11.110:9618?addrs=192.168.11.110-9618+[--1]-9618&noUDP&sock=2458_21e7_3>
...
014 (9183.000.003) 09/29 18:11:14 Node 3 executing on host: <192.168.11.110:9618?addrs=192.168.11.110-9618+[--1]-9618&noUDP&sock=2458_21e7_3>
...
014 (9183.000.004) 09/29 18:11:14 Node 4 executing on host: <192.168.11.111:9618?addrs=192.168.11.111-9618+[--1]-9618&noUDP&sock=2438_6a02_3>
...
014 (9183.000.006) 09/29 18:11:14 Node 6 executing on host: <192.168.11.111:9618?addrs=192.168.11.111-9618+[--1]-9618&noUDP&sock=2438_6a02_3>
...
001 (9183.000.000) 09/29 18:11:14 Job executing on host: MPI_job
...
015 (9183.000.000) 09/29 18:11:17 Node 0 terminated.
	(1) Normal termination (return value 0)
		Usr 0 00:00:00, Sys 0 00:00:00  -  Run Remote Usage
		Usr 0 00:00:00, Sys 0 00:00:00  -  Run Local Usage
		Usr 0 00:00:00, Sys 0 00:00:00  -  Total Remote Usage
		Usr 0 00:00:00, Sys 0 00:00:00  -  Total Local Usage
	0  -  Run Bytes Sent By Node
	0  -  Run Bytes Received By Node
	0  -  Total Bytes Sent By Node
	0  -  Total Bytes Received By Node
...
005 (9183.000.000) 09/29 18:11:17 Job terminated.
	(1) Normal termination (return value 0)
		Usr 0 00:00:00, Sys 0 00:00:00  -  Run Remote Usage
		Usr 0 00:00:00, Sys 0 00:00:00  -  Run Local Usage
		Usr 0 00:00:00, Sys 0 00:00:00  -  Total Remote Usage
		Usr 0 00:00:00, Sys 0 00:00:00  -  Total Local Usage
	0  -  Run Bytes Sent By Job
	0  -  Run Bytes Received By Job
	0  -  Total Bytes Sent By Job
	0  -  Total Bytes Received By Job
	Partitionable Resources :    Usage  Request Allocated
	   Cpus                 :                 2        10
	   Disk (KB)            :        3        3    761630
	   Gpus                 :                           0
	   Memory (MB)          :        1        1     28928
...
000 (9184.000.000) 09/29 18:22:12 Job submitted from host: <192.168.11.117:9618?addrs=192.168.11.117-9618+[--1]-9618&noUDP&sock=2590_6ac9_3>
...
014 (9184.000.001) 09/29 18:22:25 Node 1 executing on host: <192.168.11.110:9618?addrs=192.168.11.110-9618+[--1]-9618&noUDP&sock=2458_21e7_3>
...
014 (9184.000.003) 09/29 18:22:25 Node 3 executing on host: <192.168.11.110:9618?addrs=192.168.11.110-9618+[--1]-9618&noUDP&sock=2458_21e7_3>
...
014 (9184.000.000) 09/29 18:22:25 Node 0 executing on host: <192.168.11.101:9618?addrs=192.168.11.101-9618+[--1]-9618&noUDP&sock=2456_c2b7_3>
...
014 (9184.000.002) 09/29 18:22:25 Node 2 executing on host: <192.168.11.101:9618?addrs=192.168.11.101-9618+[--1]-9618&noUDP&sock=2456_c2b7_3>
...
014 (9184.000.004) 09/29 18:22:25 Node 4 executing on host: <192.168.11.102:9618?addrs=192.168.11.102-9618+[--1]-9618&noUDP&sock=2451_54be_3>
...
014 (9184.000.006) 09/29 18:22:25 Node 6 executing on host: <192.168.11.102:9618?addrs=192.168.11.102-9618+[--1]-9618&noUDP&sock=2451_54be_3>
...
014 (9184.000.005) 09/29 18:22:25 Node 5 executing on host: <192.168.11.111:9618?addrs=192.168.11.111-9618+[--1]-9618&noUDP&sock=2438_6a02_3>
...
014 (9184.000.007) 09/29 18:22:25 Node 7 executing on host: <192.168.11.111:9618?addrs=192.168.11.111-9618+[--1]-9618&noUDP&sock=2438_6a02_3>
...
001 (9184.000.000) 09/29 18:22:25 Job executing on host: MPI_job
...
015 (9184.000.000) 09/29 18:22:29 Node 0 terminated.
	(1) Normal termination (return value 0)
		Usr 0 00:00:00, Sys 0 00:00:00  -  Run Remote Usage
		Usr 0 00:00:00, Sys 0 00:00:00  -  Run Local Usage
		Usr 0 00:00:00, Sys 0 00:00:00  -  Total Remote Usage
		Usr 0 00:00:00, Sys 0 00:00:00  -  Total Local Usage
	0  -  Run Bytes Sent By Node
	0  -  Run Bytes Received By Node
	0  -  Total Bytes Sent By Node
	0  -  Total Bytes Received By Node
...
005 (9184.000.000) 09/29 18:22:29 Job terminated.
	(1) Normal termination (return value 0)
		Usr 0 00:00:00, Sys 0 00:00:00  -  Run Remote Usage
		Usr 0 00:00:00, Sys 0 00:00:00  -  Run Local Usage
		Usr 0 00:00:00, Sys 0 00:00:00  -  Total Remote Usage
		Usr 0 00:00:00, Sys 0 00:00:00  -  Total Local Usage
	0  -  Run Bytes Sent By Job
	0  -  Run Bytes Received By Job
	0  -  Total Bytes Sent By Job
	0  -  Total Bytes Received By Job
	Partitionable Resources :    Usage  Request Allocated
	   Cpus                 :                 2        10
	   Disk (KB)            :        3        3    761630
	   Gpus                 :                           0
	   Memory (MB)          :        1        1     28928
...
000 (9185.000.000) 09/29 18:23:51 Job submitted from host: <192.168.11.117:9618?addrs=192.168.11.117-9618+[--1]-9618&noUDP&sock=2590_6ac9_3>
...
014 (9185.000.002) 09/29 18:24:01 Node 2 executing on host: <192.168.11.101:9618?addrs=192.168.11.101-9618+[--1]-9618&noUDP&sock=2456_c2b7_3>
...
014 (9185.000.000) 09/29 18:24:01 Node 0 executing on host: <192.168.11.101:9618?addrs=192.168.11.101-9618+[--1]-9618&noUDP&sock=2456_c2b7_3>
...
014 (9185.000.001) 09/29 18:24:01 Node 1 executing on host: <192.168.11.110:9618?addrs=192.168.11.110-9618+[--1]-9618&noUDP&sock=2458_21e7_3>
...
014 (9185.000.003) 09/29 18:24:01 Node 3 executing on host: <192.168.11.110:9618?addrs=192.168.11.110-9618+[--1]-9618&noUDP&sock=2458_21e7_3>
...
014 (9185.000.004) 09/29 18:24:01 Node 4 executing on host: <192.168.11.102:9618?addrs=192.168.11.102-9618+[--1]-9618&noUDP&sock=2451_54be_3>
...
014 (9185.000.006) 09/29 18:24:01 Node 6 executing on host: <192.168.11.102:9618?addrs=192.168.11.102-9618+[--1]-9618&noUDP&sock=2451_54be_3>
...
014 (9185.000.005) 09/29 18:24:01 Node 5 executing on host: <192.168.11.111:9618?addrs=192.168.11.111-9618+[--1]-9618&noUDP&sock=2438_6a02_3>
...
014 (9185.000.007) 09/29 18:24:01 Node 7 executing on host: <192.168.11.111:9618?addrs=192.168.11.111-9618+[--1]-9618&noUDP&sock=2438_6a02_3>
...
001 (9185.000.000) 09/29 18:24:01 Job executing on host: MPI_job
...
015 (9185.000.000) 09/29 18:24:05 Node 0 terminated.
	(1) Normal termination (return value 0)
		Usr 0 00:00:00, Sys 0 00:00:00  -  Run Remote Usage
		Usr 0 00:00:00, Sys 0 00:00:00  -  Run Local Usage
		Usr 0 00:00:00, Sys 0 00:00:00  -  Total Remote Usage
		Usr 0 00:00:00, Sys 0 00:00:00  -  Total Local Usage
	0  -  Run Bytes Sent By Node
	0  -  Run Bytes Received By Node
	0  -  Total Bytes Sent By Node
	0  -  Total Bytes Received By Node
...
005 (9185.000.000) 09/29 18:24:05 Job terminated.
	(1) Normal termination (return value 0)
		Usr 0 00:00:00, Sys 0 00:00:00  -  Run Remote Usage
		Usr 0 00:00:00, Sys 0 00:00:00  -  Run Local Usage
		Usr 0 00:00:00, Sys 0 00:00:00  -  Total Remote Usage
		Usr 0 00:00:00, Sys 0 00:00:00  -  Total Local Usage
	0  -  Run Bytes Sent By Job
	0  -  Run Bytes Received By Job
	0  -  Total Bytes Sent By Job
	0  -  Total Bytes Received By Job
	Partitionable Resources :    Usage  Request Allocated
	   Cpus                 :                 2        10
	   Disk (KB)            :        3        3    761630
	   Gpus                 :                           0
	   Memory (MB)          :        1        1     28928
...
000 (9187.000.000) 09/29 18:29:26 Job submitted from host: <192.168.11.117:9618?addrs=192.168.11.117-9618+[--1]-9618&noUDP&sock=2590_6ac9_3>
...
014 (9187.000.001) 09/29 18:29:27 Node 1 executing on host: <192.168.11.103:9618?addrs=192.168.11.103-9618+[--1]-9618&noUDP&sock=2446_e6c4_3>
...
014 (9187.000.003) 09/29 18:29:27 Node 3 executing on host: <192.168.11.103:9618?addrs=192.168.11.103-9618+[--1]-9618&noUDP&sock=2446_e6c4_3>
...
014 (9187.000.000) 09/29 18:29:27 Node 0 executing on host: <192.168.11.112:9618?addrs=192.168.11.112-9618+[--1]-9618&noUDP&sock=2459_d180_3>
...
014 (9187.000.002) 09/29 18:29:27 Node 2 executing on host: <192.168.11.112:9618?addrs=192.168.11.112-9618+[--1]-9618&noUDP&sock=2459_d180_3>
...
014 (9187.000.004) 09/29 18:29:27 Node 4 executing on host: <192.168.11.113:9618?addrs=192.168.11.113-9618+[--1]-9618&noUDP&sock=2433_fc09_3>
...
014 (9187.000.006) 09/29 18:29:27 Node 6 executing on host: <192.168.11.113:9618?addrs=192.168.11.113-9618+[--1]-9618&noUDP&sock=2433_fc09_3>
...
014 (9187.000.005) 09/29 18:29:27 Node 5 executing on host: <192.168.11.104:9618?addrs=192.168.11.104-9618+[--1]-9618&noUDP&sock=2452_0456_3>
...
014 (9187.000.007) 09/29 18:29:27 Node 7 executing on host: <192.168.11.104:9618?addrs=192.168.11.104-9618+[--1]-9618&noUDP&sock=2452_0456_3>
...
001 (9187.000.000) 09/29 18:29:27 Job executing on host: MPI_job
...
015 (9187.000.000) 09/29 18:29:31 Node 0 terminated.
	(1) Normal termination (return value 0)
		Usr 0 00:00:00, Sys 0 00:00:00  -  Run Remote Usage
		Usr 0 00:00:00, Sys 0 00:00:00  -  Run Local Usage
		Usr 0 00:00:00, Sys 0 00:00:00  -  Total Remote Usage
		Usr 0 00:00:00, Sys 0 00:00:00  -  Total Local Usage
	0  -  Run Bytes Sent By Node
	0  -  Run Bytes Received By Node
	0  -  Total Bytes Sent By Node
	0  -  Total Bytes Received By Node
...
005 (9187.000.000) 09/29 18:29:31 Job terminated.
	(1) Normal termination (return value 0)
		Usr 0 00:00:00, Sys 0 00:00:00  -  Run Remote Usage
		Usr 0 00:00:00, Sys 0 00:00:00  -  Run Local Usage
		Usr 0 00:00:00, Sys 0 00:00:00  -  Total Remote Usage
		Usr 0 00:00:00, Sys 0 00:00:00  -  Total Local Usage
	0  -  Run Bytes Sent By Job
	0  -  Run Bytes Received By Job
	0  -  Total Bytes Sent By Job
	0  -  Total Bytes Received By Job
	Partitionable Resources :    Usage  Request Allocated
	   Cpus                 :                 2        10
	   Disk (KB)            :        3        3    762122
	   Gpus                 :                           0
	   Memory (MB)          :        1        1     28928
...
000 (9188.000.000) 09/29 18:32:00 Job submitted from host: <192.168.11.117:9618?addrs=192.168.11.117-9618+[--1]-9618&noUDP&sock=2590_6ac9_3>
...
014 (9188.000.000) 09/29 18:32:17 Node 0 executing on host: <192.168.11.110:9618?addrs=192.168.11.110-9618+[--1]-9618&noUDP&sock=2458_21e7_3>
...
014 (9188.000.002) 09/29 18:32:17 Node 2 executing on host: <192.168.11.110:9618?addrs=192.168.11.110-9618+[--1]-9618&noUDP&sock=2458_21e7_3>
...
014 (9188.000.001) 09/29 18:32:17 Node 1 executing on host: <192.168.11.101:9618?addrs=192.168.11.101-9618+[--1]-9618&noUDP&sock=2456_c2b7_3>
...
014 (9188.000.003) 09/29 18:32:17 Node 3 executing on host: <192.168.11.101:9618?addrs=192.168.11.101-9618+[--1]-9618&noUDP&sock=2456_c2b7_3>
...
014 (9188.000.004) 09/29 18:32:17 Node 4 executing on host: <192.168.11.102:9618?addrs=192.168.11.102-9618+[--1]-9618&noUDP&sock=2451_54be_3>
...
014 (9188.000.005) 09/29 18:32:17 Node 5 executing on host: <192.168.11.111:9618?addrs=192.168.11.111-9618+[--1]-9618&noUDP&sock=2438_6a02_3>
...
014 (9188.000.006) 09/29 18:32:17 Node 6 executing on host: <192.168.11.102:9618?addrs=192.168.11.102-9618+[--1]-9618&noUDP&sock=2451_54be_3>
...
014 (9188.000.007) 09/29 18:32:17 Node 7 executing on host: <192.168.11.111:9618?addrs=192.168.11.111-9618+[--1]-9618&noUDP&sock=2438_6a02_3>
...
001 (9188.000.000) 09/29 18:32:17 Job executing on host: MPI_job
...
015 (9188.000.000) 09/29 18:32:21 Node 0 terminated.
	(1) Normal termination (return value 0)
		Usr 0 00:00:00, Sys 0 00:00:00  -  Run Remote Usage
		Usr 0 00:00:00, Sys 0 00:00:00  -  Run Local Usage
		Usr 0 00:00:00, Sys 0 00:00:00  -  Total Remote Usage
		Usr 0 00:00:00, Sys 0 00:00:00  -  Total Local Usage
	0  -  Run Bytes Sent By Node
	0  -  Run Bytes Received By Node
	0  -  Total Bytes Sent By Node
	0  -  Total Bytes Received By Node
...
005 (9188.000.000) 09/29 18:32:21 Job terminated.
	(1) Normal termination (return value 0)
		Usr 0 00:00:00, Sys 0 00:00:00  -  Run Remote Usage
		Usr 0 00:00:00, Sys 0 00:00:00  -  Run Local Usage
		Usr 0 00:00:00, Sys 0 00:00:00  -  Total Remote Usage
		Usr 0 00:00:00, Sys 0 00:00:00  -  Total Local Usage
	0  -  Run Bytes Sent By Job
	0  -  Run Bytes Received By Job
	0  -  Total Bytes Sent By Job
	0  -  Total Bytes Received By Job
	Partitionable Resources :    Usage  Request Allocated
	   Cpus                 :                 2        10
	   Disk (KB)            :        3        3    762087
	   Gpus                 :                           0
	   Memory (MB)          :        1        1     28928
...
000 (9189.000.000) 09/29 19:00:18 Job submitted from host: <192.168.11.117:9618?addrs=192.168.11.117-9618+[--1]-9618&noUDP&sock=2590_6ac9_3>
...
014 (9189.000.001) 09/29 19:00:25 Node 1 executing on host: <192.168.11.103:9618?addrs=192.168.11.103-9618+[--1]-9618&noUDP&sock=2446_e6c4_3>
...
014 (9189.000.003) 09/29 19:00:25 Node 3 executing on host: <192.168.11.103:9618?addrs=192.168.11.103-9618+[--1]-9618&noUDP&sock=2446_e6c4_3>
...
014 (9189.000.000) 09/29 19:00:25 Node 0 executing on host: <192.168.11.112:9618?addrs=192.168.11.112-9618+[--1]-9618&noUDP&sock=2459_d180_3>
...
014 (9189.000.002) 09/29 19:00:25 Node 2 executing on host: <192.168.11.112:9618?addrs=192.168.11.112-9618+[--1]-9618&noUDP&sock=2459_d180_3>
...
014 (9189.000.006) 09/29 19:00:25 Node 6 executing on host: <192.168.11.104:9618?addrs=192.168.11.104-9618+[--1]-9618&noUDP&sock=2452_0456_3>
...
014 (9189.000.004) 09/29 19:00:25 Node 4 executing on host: <192.168.11.104:9618?addrs=192.168.11.104-9618+[--1]-9618&noUDP&sock=2452_0456_3>
...
014 (9189.000.005) 09/29 19:00:25 Node 5 executing on host: <192.168.11.113:9618?addrs=192.168.11.113-9618+[--1]-9618&noUDP&sock=2433_fc09_3>
...
014 (9189.000.007) 09/29 19:00:25 Node 7 executing on host: <192.168.11.113:9618?addrs=192.168.11.113-9618+[--1]-9618&noUDP&sock=2433_fc09_3>
...
001 (9189.000.000) 09/29 19:00:25 Job executing on host: MPI_job
...
015 (9189.000.000) 09/29 19:00:28 Node 0 terminated.
	(1) Normal termination (return value 0)
		Usr 0 00:00:00, Sys 0 00:00:00  -  Run Remote Usage
		Usr 0 00:00:00, Sys 0 00:00:00  -  Run Local Usage
		Usr 0 00:00:00, Sys 0 00:00:00  -  Total Remote Usage
		Usr 0 00:00:00, Sys 0 00:00:00  -  Total Local Usage
	0  -  Run Bytes Sent By Node
	0  -  Run Bytes Received By Node
	0  -  Total Bytes Sent By Node
	0  -  Total Bytes Received By Node
...
005 (9189.000.000) 09/29 19:00:29 Job terminated.
	(1) Normal termination (return value 0)
		Usr 0 00:00:00, Sys 0 00:00:00  -  Run Remote Usage
		Usr 0 00:00:00, Sys 0 00:00:00  -  Run Local Usage
		Usr 0 00:00:00, Sys 0 00:00:00  -  Total Remote Usage
		Usr 0 00:00:00, Sys 0 00:00:00  -  Total Local Usage
	0  -  Run Bytes Sent By Job
	0  -  Run Bytes Received By Job
	0  -  Total Bytes Sent By Job
	0  -  Total Bytes Received By Job
	Partitionable Resources :    Usage  Request Allocated
	   Cpus                 :                 2        10
	   Disk (KB)            :        3        3    762122
	   Gpus                 :                           0
	   Memory (MB)          :        1        1     28928
...
000 (9190.000.000) 09/29 19:05:38 Job submitted from host: <192.168.11.117:9618?addrs=192.168.11.117-9618+[--1]-9618&noUDP&sock=2590_6ac9_3>
...
014 (9190.000.001) 09/29 19:05:46 Node 1 executing on host: <192.168.11.101:9618?addrs=192.168.11.101-9618+[--1]-9618&noUDP&sock=2456_c2b7_3>
...
014 (9190.000.000) 09/29 19:05:46 Node 0 executing on host: <192.168.11.110:9618?addrs=192.168.11.110-9618+[--1]-9618&noUDP&sock=2458_21e7_3>
...
014 (9190.000.002) 09/29 19:05:46 Node 2 executing on host: <192.168.11.110:9618?addrs=192.168.11.110-9618+[--1]-9618&noUDP&sock=2458_21e7_3>
...
014 (9190.000.003) 09/29 19:05:46 Node 3 executing on host: <192.168.11.101:9618?addrs=192.168.11.101-9618+[--1]-9618&noUDP&sock=2456_c2b7_3>
...
014 (9190.000.005) 09/29 19:05:46 Node 5 executing on host: <192.168.11.111:9618?addrs=192.168.11.111-9618+[--1]-9618&noUDP&sock=2438_6a02_3>
...
014 (9190.000.007) 09/29 19:05:46 Node 7 executing on host: <192.168.11.111:9618?addrs=192.168.11.111-9618+[--1]-9618&noUDP&sock=2438_6a02_3>
...
014 (9190.000.004) 09/29 19:05:46 Node 4 executing on host: <192.168.11.102:9618?addrs=192.168.11.102-9618+[--1]-9618&noUDP&sock=2451_54be_3>
...
014 (9190.000.006) 09/29 19:05:46 Node 6 executing on host: <192.168.11.102:9618?addrs=192.168.11.102-9618+[--1]-9618&noUDP&sock=2451_54be_3>
...
001 (9190.000.000) 09/29 19:05:46 Job executing on host: MPI_job
...
015 (9190.000.000) 09/29 19:05:50 Node 0 terminated.
	(1) Normal termination (return value 0)
		Usr 0 00:00:00, Sys 0 00:00:00  -  Run Remote Usage
		Usr 0 00:00:00, Sys 0 00:00:00  -  Run Local Usage
		Usr 0 00:00:00, Sys 0 00:00:00  -  Total Remote Usage
		Usr 0 00:00:00, Sys 0 00:00:00  -  Total Local Usage
	0  -  Run Bytes Sent By Node
	0  -  Run Bytes Received By Node
	0  -  Total Bytes Sent By Node
	0  -  Total Bytes Received By Node
...
005 (9190.000.000) 09/29 19:05:50 Job terminated.
	(1) Normal termination (return value 0)
		Usr 0 00:00:00, Sys 0 00:00:00  -  Run Remote Usage
		Usr 0 00:00:00, Sys 0 00:00:00  -  Run Local Usage
		Usr 0 00:00:00, Sys 0 00:00:00  -  Total Remote Usage
		Usr 0 00:00:00, Sys 0 00:00:00  -  Total Local Usage
	0  -  Run Bytes Sent By Job
	0  -  Run Bytes Received By Job
	0  -  Total Bytes Sent By Job
	0  -  Total Bytes Received By Job
	Partitionable Resources :    Usage  Request Allocated
	   Cpus                 :                 2        10
	   Disk (KB)            :        3        3    762087
	   Gpus                 :                           0
	   Memory (MB)          :        1        1     28928
...
000 (9191.000.000) 09/29 19:07:59 Job submitted from host: <192.168.11.117:9618?addrs=192.168.11.117-9618+[--1]-9618&noUDP&sock=2590_6ac9_3>
...
014 (9191.000.001) 09/29 19:08:01 Node 1 executing on host: <192.168.11.103:9618?addrs=192.168.11.103-9618+[--1]-9618&noUDP&sock=2446_e6c4_3>
...
014 (9191.000.003) 09/29 19:08:01 Node 3 executing on host: <192.168.11.103:9618?addrs=192.168.11.103-9618+[--1]-9618&noUDP&sock=2446_e6c4_3>
...
014 (9191.000.004) 09/29 19:08:01 Node 4 executing on host: <192.168.11.113:9618?addrs=192.168.11.113-9618+[--1]-9618&noUDP&sock=2433_fc09_3>
...
014 (9191.000.006) 09/29 19:08:01 Node 6 executing on host: <192.168.11.113:9618?addrs=192.168.11.113-9618+[--1]-9618&noUDP&sock=2433_fc09_3>
...
014 (9191.000.005) 09/29 19:08:01 Node 5 executing on host: <192.168.11.104:9618?addrs=192.168.11.104-9618+[--1]-9618&noUDP&sock=2452_0456_3>
...
014 (9191.000.007) 09/29 19:08:01 Node 7 executing on host: <192.168.11.104:9618?addrs=192.168.11.104-9618+[--1]-9618&noUDP&sock=2452_0456_3>
...
014 (9191.000.000) 09/29 19:08:01 Node 0 executing on host: <192.168.11.112:9618?addrs=192.168.11.112-9618+[--1]-9618&noUDP&sock=2459_d180_3>
...
014 (9191.000.002) 09/29 19:08:01 Node 2 executing on host: <192.168.11.112:9618?addrs=192.168.11.112-9618+[--1]-9618&noUDP&sock=2459_d180_3>
...
001 (9191.000.000) 09/29 19:08:01 Job executing on host: MPI_job
...
015 (9191.000.000) 09/29 19:08:05 Node 0 terminated.
	(1) Normal termination (return value 0)
		Usr 0 00:00:00, Sys 0 00:00:00  -  Run Remote Usage
		Usr 0 00:00:00, Sys 0 00:00:00  -  Run Local Usage
		Usr 0 00:00:00, Sys 0 00:00:00  -  Total Remote Usage
		Usr 0 00:00:00, Sys 0 00:00:00  -  Total Local Usage
	0  -  Run Bytes Sent By Node
	0  -  Run Bytes Received By Node
	0  -  Total Bytes Sent By Node
	0  -  Total Bytes Received By Node
...
005 (9191.000.000) 09/29 19:08:05 Job terminated.
	(1) Normal termination (return value 0)
		Usr 0 00:00:00, Sys 0 00:00:00  -  Run Remote Usage
		Usr 0 00:00:00, Sys 0 00:00:00  -  Run Local Usage
		Usr 0 00:00:00, Sys 0 00:00:00  -  Total Remote Usage
		Usr 0 00:00:00, Sys 0 00:00:00  -  Total Local Usage
	0  -  Run Bytes Sent By Job
	0  -  Run Bytes Received By Job
	0  -  Total Bytes Sent By Job
	0  -  Total Bytes Received By Job
	Partitionable Resources :    Usage  Request Allocated
	   Cpus                 :                 2        10
	   Disk (KB)            :        3        3    762122
	   Gpus                 :                           0
	   Memory (MB)          :        1        1     28928
...
000 (9193.000.000) 09/29 19:10:21 Job submitted from host: <192.168.11.117:9618?addrs=192.168.11.117-9618+[--1]-9618&noUDP&sock=2590_6ac9_3>
...
014 (9193.000.000) 09/29 19:10:30 Node 0 executing on host: <192.168.11.110:9618?addrs=192.168.11.110-9618+[--1]-9618&noUDP&sock=2458_21e7_3>
...
014 (9193.000.002) 09/29 19:10:30 Node 2 executing on host: <192.168.11.110:9618?addrs=192.168.11.110-9618+[--1]-9618&noUDP&sock=2458_21e7_3>
...
014 (9193.000.001) 09/29 19:10:30 Node 1 executing on host: <192.168.11.101:9618?addrs=192.168.11.101-9618+[--1]-9618&noUDP&sock=2456_c2b7_3>
...
014 (9193.000.003) 09/29 19:10:30 Node 3 executing on host: <192.168.11.101:9618?addrs=192.168.11.101-9618+[--1]-9618&noUDP&sock=2456_c2b7_3>
...
014 (9193.000.005) 09/29 19:10:30 Node 5 executing on host: <192.168.11.111:9618?addrs=192.168.11.111-9618+[--1]-9618&noUDP&sock=2438_6a02_3>
...
014 (9193.000.007) 09/29 19:10:30 Node 7 executing on host: <192.168.11.111:9618?addrs=192.168.11.111-9618+[--1]-9618&noUDP&sock=2438_6a02_3>
...
014 (9193.000.004) 09/29 19:10:30 Node 4 executing on host: <192.168.11.102:9618?addrs=192.168.11.102-9618+[--1]-9618&noUDP&sock=2451_54be_3>
...
014 (9193.000.006) 09/29 19:10:30 Node 6 executing on host: <192.168.11.102:9618?addrs=192.168.11.102-9618+[--1]-9618&noUDP&sock=2451_54be_3>
...
001 (9193.000.000) 09/29 19:10:30 Job executing on host: MPI_job
...
015 (9193.000.000) 09/29 19:10:34 Node 0 terminated.
	(1) Normal termination (return value 0)
		Usr 0 00:00:00, Sys 0 00:00:00  -  Run Remote Usage
		Usr 0 00:00:00, Sys 0 00:00:00  -  Run Local Usage
		Usr 0 00:00:00, Sys 0 00:00:00  -  Total Remote Usage
		Usr 0 00:00:00, Sys 0 00:00:00  -  Total Local Usage
	0  -  Run Bytes Sent By Node
	0  -  Run Bytes Received By Node
	0  -  Total Bytes Sent By Node
	0  -  Total Bytes Received By Node
...
005 (9193.000.000) 09/29 19:10:34 Job terminated.
	(1) Normal termination (return value 0)
		Usr 0 00:00:00, Sys 0 00:00:00  -  Run Remote Usage
		Usr 0 00:00:00, Sys 0 00:00:00  -  Run Local Usage
		Usr 0 00:00:00, Sys 0 00:00:00  -  Total Remote Usage
		Usr 0 00:00:00, Sys 0 00:00:00  -  Total Local Usage
	0  -  Run Bytes Sent By Job
	0  -  Run Bytes Received By Job
	0  -  Total Bytes Sent By Job
	0  -  Total Bytes Received By Job
	Partitionable Resources :    Usage  Request Allocated
	   Cpus                 :                 2        10
	   Disk (KB)            :        3        3    762087
	   Gpus                 :                           0
	   Memory (MB)          :        1        1     28928
...
000 (9195.000.000) 09/29 19:13:06 Job submitted from host: <192.168.11.117:9618?addrs=192.168.11.117-9618+[--1]-9618&noUDP&sock=2590_6ac9_3>
...
014 (9195.000.001) 09/29 19:13:13 Node 1 executing on host: <192.168.11.101:9618?addrs=192.168.11.101-9618+[--1]-9618&noUDP&sock=2456_c2b7_3>
...
014 (9195.000.000) 09/29 19:13:13 Node 0 executing on host: <192.168.11.110:9618?addrs=192.168.11.110-9618+[--1]-9618&noUDP&sock=2458_21e7_3>
...
014 (9195.000.002) 09/29 19:13:13 Node 2 executing on host: <192.168.11.110:9618?addrs=192.168.11.110-9618+[--1]-9618&noUDP&sock=2458_21e7_3>
...
014 (9195.000.003) 09/29 19:13:13 Node 3 executing on host: <192.168.11.101:9618?addrs=192.168.11.101-9618+[--1]-9618&noUDP&sock=2456_c2b7_3>
...
014 (9195.000.004) 09/29 19:13:13 Node 4 executing on host: <192.168.11.111:9618?addrs=192.168.11.111-9618+[--1]-9618&noUDP&sock=2438_6a02_3>
...
014 (9195.000.006) 09/29 19:13:13 Node 6 executing on host: <192.168.11.111:9618?addrs=192.168.11.111-9618+[--1]-9618&noUDP&sock=2438_6a02_3>
...
014 (9195.000.005) 09/29 19:13:13 Node 5 executing on host: <192.168.11.102:9618?addrs=192.168.11.102-9618+[--1]-9618&noUDP&sock=2451_54be_3>
...
014 (9195.000.007) 09/29 19:13:13 Node 7 executing on host: <192.168.11.102:9618?addrs=192.168.11.102-9618+[--1]-9618&noUDP&sock=2451_54be_3>
...
001 (9195.000.000) 09/29 19:13:13 Job executing on host: MPI_job
...
015 (9195.000.000) 09/29 19:13:17 Node 0 terminated.
	(1) Normal termination (return value 0)
		Usr 0 00:00:00, Sys 0 00:00:00  -  Run Remote Usage
		Usr 0 00:00:00, Sys 0 00:00:00  -  Run Local Usage
		Usr 0 00:00:00, Sys 0 00:00:00  -  Total Remote Usage
		Usr 0 00:00:00, Sys 0 00:00:00  -  Total Local Usage
	0  -  Run Bytes Sent By Node
	0  -  Run Bytes Received By Node
	0  -  Total Bytes Sent By Node
	0  -  Total Bytes Received By Node
...
005 (9195.000.000) 09/29 19:13:17 Job terminated.
	(1) Normal termination (return value 0)
		Usr 0 00:00:00, Sys 0 00:00:00  -  Run Remote Usage
		Usr 0 00:00:00, Sys 0 00:00:00  -  Run Local Usage
		Usr 0 00:00:00, Sys 0 00:00:00  -  Total Remote Usage
		Usr 0 00:00:00, Sys 0 00:00:00  -  Total Local Usage
	0  -  Run Bytes Sent By Job
	0  -  Run Bytes Received By Job
	0  -  Total Bytes Sent By Job
	0  -  Total Bytes Received By Job
	Partitionable Resources :    Usage  Request Allocated
	   Cpus                 :                 2        10
	   Disk (KB)            :        3        3    762087
	   Gpus                 :                           0
	   Memory (MB)          :        1        1     28928
...
000 (9196.000.000) 09/29 19:15:52 Job submitted from host: <192.168.11.117:9618?addrs=192.168.11.117-9618+[--1]-9618&noUDP&sock=2590_6ac9_3>
...
014 (9196.000.004) 09/29 19:16:03 Node 4 executing on host: <192.168.11.104:9618?addrs=192.168.11.104-9618+[--1]-9618&noUDP&sock=2452_0456_3>
...
014 (9196.000.000) 09/29 19:16:03 Node 0 executing on host: <192.168.11.103:9618?addrs=192.168.11.103-9618+[--1]-9618&noUDP&sock=2446_e6c4_3>
...
014 (9196.000.002) 09/29 19:16:03 Node 2 executing on host: <192.168.11.103:9618?addrs=192.168.11.103-9618+[--1]-9618&noUDP&sock=2446_e6c4_3>
...
014 (9196.000.006) 09/29 19:16:03 Node 6 executing on host: <192.168.11.104:9618?addrs=192.168.11.104-9618+[--1]-9618&noUDP&sock=2452_0456_3>
...
014 (9196.000.007) 09/29 19:16:03 Node 7 executing on host: <192.168.11.113:9618?addrs=192.168.11.113-9618+[--1]-9618&noUDP&sock=2433_fc09_3>
...
014 (9196.000.005) 09/29 19:16:03 Node 5 executing on host: <192.168.11.113:9618?addrs=192.168.11.113-9618+[--1]-9618&noUDP&sock=2433_fc09_3>
...
014 (9196.000.001) 09/29 19:16:03 Node 1 executing on host: <192.168.11.112:9618?addrs=192.168.11.112-9618+[--1]-9618&noUDP&sock=2459_d180_3>
...
014 (9196.000.003) 09/29 19:16:03 Node 3 executing on host: <192.168.11.112:9618?addrs=192.168.11.112-9618+[--1]-9618&noUDP&sock=2459_d180_3>
...
001 (9196.000.000) 09/29 19:16:03 Job executing on host: MPI_job
...
015 (9196.000.000) 09/29 19:16:07 Node 0 terminated.
	(1) Normal termination (return value 0)
		Usr 0 00:00:00, Sys 0 00:00:00  -  Run Remote Usage
		Usr 0 00:00:00, Sys 0 00:00:00  -  Run Local Usage
		Usr 0 00:00:00, Sys 0 00:00:00  -  Total Remote Usage
		Usr 0 00:00:00, Sys 0 00:00:00  -  Total Local Usage
	0  -  Run Bytes Sent By Node
	0  -  Run Bytes Received By Node
	0  -  Total Bytes Sent By Node
	0  -  Total Bytes Received By Node
...
005 (9196.000.000) 09/29 19:16:07 Job terminated.
	(1) Normal termination (return value 0)
		Usr 0 00:00:00, Sys 0 00:00:00  -  Run Remote Usage
		Usr 0 00:00:00, Sys 0 00:00:00  -  Run Local Usage
		Usr 0 00:00:00, Sys 0 00:00:00  -  Total Remote Usage
		Usr 0 00:00:00, Sys 0 00:00:00  -  Total Local Usage
	0  -  Run Bytes Sent By Job
	0  -  Run Bytes Received By Job
	0  -  Total Bytes Sent By Job
	0  -  Total Bytes Received By Job
	Partitionable Resources :    Usage  Request Allocated
	   Cpus                 :                 2        10
	   Disk (KB)            :        3        3    762122
	   Gpus                 :                           0
	   Memory (MB)          :        1        1     28928
...
000 (9202.000.000) 09/29 19:36:57 Job submitted from host: <192.168.11.117:9618?addrs=192.168.11.117-9618+[--1]-9618&noUDP&sock=2590_6ac9_3>
...
014 (9202.000.001) 09/29 19:37:04 Node 1 executing on host: <192.168.11.101:9618?addrs=192.168.11.101-9618+[--1]-9618&noUDP&sock=2456_c2b7_3>
...
014 (9202.000.000) 09/29 19:37:04 Node 0 executing on host: <192.168.11.110:9618?addrs=192.168.11.110-9618+[--1]-9618&noUDP&sock=2458_21e7_3>
...
014 (9202.000.002) 09/29 19:37:04 Node 2 executing on host: <192.168.11.110:9618?addrs=192.168.11.110-9618+[--1]-9618&noUDP&sock=2458_21e7_3>
...
014 (9202.000.003) 09/29 19:37:04 Node 3 executing on host: <192.168.11.101:9618?addrs=192.168.11.101-9618+[--1]-9618&noUDP&sock=2456_c2b7_3>
...
014 (9202.000.005) 09/29 19:37:04 Node 5 executing on host: <192.168.11.111:9618?addrs=192.168.11.111-9618+[--1]-9618&noUDP&sock=2438_6a02_3>
...
014 (9202.000.007) 09/29 19:37:04 Node 7 executing on host: <192.168.11.111:9618?addrs=192.168.11.111-9618+[--1]-9618&noUDP&sock=2438_6a02_3>
...
014 (9202.000.004) 09/29 19:37:04 Node 4 executing on host: <192.168.11.102:9618?addrs=192.168.11.102-9618+[--1]-9618&noUDP&sock=2451_54be_3>
...
014 (9202.000.006) 09/29 19:37:04 Node 6 executing on host: <192.168.11.102:9618?addrs=192.168.11.102-9618+[--1]-9618&noUDP&sock=2451_54be_3>
...
001 (9202.000.000) 09/29 19:37:04 Job executing on host: MPI_job
...
015 (9202.000.000) 09/29 19:37:07 Node 0 terminated.
	(1) Normal termination (return value 0)
		Usr 0 00:00:00, Sys 0 00:00:00  -  Run Remote Usage
		Usr 0 00:00:00, Sys 0 00:00:00  -  Run Local Usage
		Usr 0 00:00:00, Sys 0 00:00:00  -  Total Remote Usage
		Usr 0 00:00:00, Sys 0 00:00:00  -  Total Local Usage
	0  -  Run Bytes Sent By Node
	0  -  Run Bytes Received By Node
	0  -  Total Bytes Sent By Node
	0  -  Total Bytes Received By Node
...
005 (9202.000.000) 09/29 19:37:07 Job terminated.
	(1) Normal termination (return value 0)
		Usr 0 00:00:00, Sys 0 00:00:00  -  Run Remote Usage
		Usr 0 00:00:00, Sys 0 00:00:00  -  Run Local Usage
		Usr 0 00:00:00, Sys 0 00:00:00  -  Total Remote Usage
		Usr 0 00:00:00, Sys 0 00:00:00  -  Total Local Usage
	0  -  Run Bytes Sent By Job
	0  -  Run Bytes Received By Job
	0  -  Total Bytes Sent By Job
	0  -  Total Bytes Received By Job
	Partitionable Resources :    Usage  Request Allocated
	   Cpus                 :                 2        10
	   Disk (KB)            :        3        3    762086
	   Gpus                 :                           0
	   Memory (MB)          :        1        1     28928
...
000 (9203.000.000) 09/29 19:40:16 Job submitted from host: <192.168.11.117:9618?addrs=192.168.11.117-9618+[--1]-9618&noUDP&sock=2590_6ac9_3>
...
014 (9203.000.001) 09/29 19:40:22 Node 1 executing on host: <192.168.11.112:9618?addrs=192.168.11.112-9618+[--1]-9618&noUDP&sock=2459_d180_3>
...
014 (9203.000.003) 09/29 19:40:22 Node 3 executing on host: <192.168.11.112:9618?addrs=192.168.11.112-9618+[--1]-9618&noUDP&sock=2459_d180_3>
...
014 (9203.000.000) 09/29 19:40:22 Node 0 executing on host: <192.168.11.103:9618?addrs=192.168.11.103-9618+[--1]-9618&noUDP&sock=2446_e6c4_3>
...
014 (9203.000.002) 09/29 19:40:22 Node 2 executing on host: <192.168.11.103:9618?addrs=192.168.11.103-9618+[--1]-9618&noUDP&sock=2446_e6c4_3>
...
014 (9203.000.005) 09/29 19:40:22 Node 5 executing on host: <192.168.11.104:9618?addrs=192.168.11.104-9618+[--1]-9618&noUDP&sock=2452_0456_3>
...
014 (9203.000.007) 09/29 19:40:22 Node 7 executing on host: <192.168.11.104:9618?addrs=192.168.11.104-9618+[--1]-9618&noUDP&sock=2452_0456_3>
...
014 (9203.000.004) 09/29 19:40:22 Node 4 executing on host: <192.168.11.113:9618?addrs=192.168.11.113-9618+[--1]-9618&noUDP&sock=2433_fc09_3>
...
014 (9203.000.006) 09/29 19:40:22 Node 6 executing on host: <192.168.11.113:9618?addrs=192.168.11.113-9618+[--1]-9618&noUDP&sock=2433_fc09_3>
...
001 (9203.000.000) 09/29 19:40:22 Job executing on host: MPI_job
...
015 (9203.000.000) 09/29 19:40:26 Node 0 terminated.
	(1) Normal termination (return value 0)
		Usr 0 00:00:00, Sys 0 00:00:00  -  Run Remote Usage
		Usr 0 00:00:00, Sys 0 00:00:00  -  Run Local Usage
		Usr 0 00:00:00, Sys 0 00:00:00  -  Total Remote Usage
		Usr 0 00:00:00, Sys 0 00:00:00  -  Total Local Usage
	0  -  Run Bytes Sent By Node
	0  -  Run Bytes Received By Node
	0  -  Total Bytes Sent By Node
	0  -  Total Bytes Received By Node
...
005 (9203.000.000) 09/29 19:40:26 Job terminated.
	(1) Normal termination (return value 0)
		Usr 0 00:00:00, Sys 0 00:00:00  -  Run Remote Usage
		Usr 0 00:00:00, Sys 0 00:00:00  -  Run Local Usage
		Usr 0 00:00:00, Sys 0 00:00:00  -  Total Remote Usage
		Usr 0 00:00:00, Sys 0 00:00:00  -  Total Local Usage
	0  -  Run Bytes Sent By Job
	0  -  Run Bytes Received By Job
	0  -  Total Bytes Sent By Job
	0  -  Total Bytes Received By Job
	Partitionable Resources :    Usage  Request Allocated
	   Cpus                 :                 2        10
	   Disk (KB)            :        3        3    762122
	   Gpus                 :                           0
	   Memory (MB)          :        1        1     28928
...
000 (9204.000.000) 09/29 19:55:51 Job submitted from host: <192.168.11.117:9618?addrs=192.168.11.117-9618+[--1]-9618&noUDP&sock=2590_6ac9_3>
...
014 (9204.000.001) 09/29 19:56:00 Node 1 executing on host: <192.168.11.110:9618?addrs=192.168.11.110-9618+[--1]-9618&noUDP&sock=2458_21e7_3>
...
014 (9204.000.003) 09/29 19:56:00 Node 3 executing on host: <192.168.11.110:9618?addrs=192.168.11.110-9618+[--1]-9618&noUDP&sock=2458_21e7_3>
...
014 (9204.000.000) 09/29 19:56:00 Node 0 executing on host: <192.168.11.101:9618?addrs=192.168.11.101-9618+[--1]-9618&noUDP&sock=2456_c2b7_3>
...
014 (9204.000.002) 09/29 19:56:00 Node 2 executing on host: <192.168.11.101:9618?addrs=192.168.11.101-9618+[--1]-9618&noUDP&sock=2456_c2b7_3>
...
014 (9204.000.004) 09/29 19:56:00 Node 4 executing on host: <192.168.11.102:9618?addrs=192.168.11.102-9618+[--1]-9618&noUDP&sock=2451_54be_3>
...
014 (9204.000.005) 09/29 19:56:00 Node 5 executing on host: <192.168.11.111:9618?addrs=192.168.11.111-9618+[--1]-9618&noUDP&sock=2438_6a02_3>
...
014 (9204.000.006) 09/29 19:56:00 Node 6 executing on host: <192.168.11.102:9618?addrs=192.168.11.102-9618+[--1]-9618&noUDP&sock=2451_54be_3>
...
014 (9204.000.007) 09/29 19:56:00 Node 7 executing on host: <192.168.11.111:9618?addrs=192.168.11.111-9618+[--1]-9618&noUDP&sock=2438_6a02_3>
...
001 (9204.000.000) 09/29 19:56:00 Job executing on host: MPI_job
...
015 (9204.000.000) 09/29 19:56:04 Node 0 terminated.
	(1) Normal termination (return value 0)
		Usr 0 00:00:00, Sys 0 00:00:00  -  Run Remote Usage
		Usr 0 00:00:00, Sys 0 00:00:00  -  Run Local Usage
		Usr 0 00:00:00, Sys 0 00:00:00  -  Total Remote Usage
		Usr 0 00:00:00, Sys 0 00:00:00  -  Total Local Usage
	0  -  Run Bytes Sent By Node
	0  -  Run Bytes Received By Node
	0  -  Total Bytes Sent By Node
	0  -  Total Bytes Received By Node
...
005 (9204.000.000) 09/29 19:56:04 Job terminated.
	(1) Normal termination (return value 0)
		Usr 0 00:00:00, Sys 0 00:00:00  -  Run Remote Usage
		Usr 0 00:00:00, Sys 0 00:00:00  -  Run Local Usage
		Usr 0 00:00:00, Sys 0 00:00:00  -  Total Remote Usage
		Usr 0 00:00:00, Sys 0 00:00:00  -  Total Local Usage
	0  -  Run Bytes Sent By Job
	0  -  Run Bytes Received By Job
	0  -  Total Bytes Sent By Job
	0  -  Total Bytes Received By Job
	Partitionable Resources :    Usage  Request Allocated
	   Cpus                 :                 2        10
	   Disk (KB)            :        3        3    761630
	   Gpus                 :                           0
	   Memory (MB)          :        1        1     28928
...
000 (9205.000.000) 09/29 19:58:46 Job submitted from host: <192.168.11.117:9618?addrs=192.168.11.117-9618+[--1]-9618&noUDP&sock=2590_6ac9_3>
...
014 (9205.000.001) 09/29 19:58:48 Node 1 executing on host: <192.168.11.103:9618?addrs=192.168.11.103-9618+[--1]-9618&noUDP&sock=2446_e6c4_3>
...
014 (9205.000.002) 09/29 19:58:48 Node 2 executing on host: <192.168.11.112:9618?addrs=192.168.11.112-9618+[--1]-9618&noUDP&sock=2459_d180_3>
...
014 (9205.000.003) 09/29 19:58:48 Node 3 executing on host: <192.168.11.103:9618?addrs=192.168.11.103-9618+[--1]-9618&noUDP&sock=2446_e6c4_3>
...
014 (9205.000.000) 09/29 19:58:48 Node 0 executing on host: <192.168.11.112:9618?addrs=192.168.11.112-9618+[--1]-9618&noUDP&sock=2459_d180_3>
...
014 (9205.000.005) 09/29 19:58:48 Node 5 executing on host: <192.168.11.104:9618?addrs=192.168.11.104-9618+[--1]-9618&noUDP&sock=2452_0456_3>
...
014 (9205.000.007) 09/29 19:58:48 Node 7 executing on host: <192.168.11.104:9618?addrs=192.168.11.104-9618+[--1]-9618&noUDP&sock=2452_0456_3>
...
014 (9205.000.004) 09/29 19:58:48 Node 4 executing on host: <192.168.11.113:9618?addrs=192.168.11.113-9618+[--1]-9618&noUDP&sock=2433_fc09_3>
...
014 (9205.000.006) 09/29 19:58:48 Node 6 executing on host: <192.168.11.113:9618?addrs=192.168.11.113-9618+[--1]-9618&noUDP&sock=2433_fc09_3>
...
001 (9205.000.000) 09/29 19:58:48 Job executing on host: MPI_job
...
015 (9205.000.000) 09/29 19:58:52 Node 0 terminated.
	(1) Normal termination (return value 0)
		Usr 0 00:00:00, Sys 0 00:00:00  -  Run Remote Usage
		Usr 0 00:00:00, Sys 0 00:00:00  -  Run Local Usage
		Usr 0 00:00:00, Sys 0 00:00:00  -  Total Remote Usage
		Usr 0 00:00:00, Sys 0 00:00:00  -  Total Local Usage
	0  -  Run Bytes Sent By Node
	0  -  Run Bytes Received By Node
	0  -  Total Bytes Sent By Node
	0  -  Total Bytes Received By Node
...
005 (9205.000.000) 09/29 19:58:52 Job terminated.
	(1) Normal termination (return value 0)
		Usr 0 00:00:00, Sys 0 00:00:00  -  Run Remote Usage
		Usr 0 00:00:00, Sys 0 00:00:00  -  Run Local Usage
		Usr 0 00:00:00, Sys 0 00:00:00  -  Total Remote Usage
		Usr 0 00:00:00, Sys 0 00:00:00  -  Total Local Usage
	0  -  Run Bytes Sent By Job
	0  -  Run Bytes Received By Job
	0  -  Total Bytes Sent By Job
	0  -  Total Bytes Received By Job
	Partitionable Resources :    Usage  Request Allocated
	   Cpus                 :                 2        10
	   Disk (KB)            :        3        3    762122
	   Gpus                 :                           0
	   Memory (MB)          :        1        1     28928
...
000 (9206.000.000) 09/29 20:02:37 Job submitted from host: <192.168.11.117:9618?addrs=192.168.11.117-9618+[--1]-9618&noUDP&sock=2590_6ac9_3>
...
014 (9206.000.000) 09/29 20:02:44 Node 0 executing on host: <192.168.11.101:9618?addrs=192.168.11.101-9618+[--1]-9618&noUDP&sock=2456_c2b7_3>
...
014 (9206.000.002) 09/29 20:02:44 Node 2 executing on host: <192.168.11.101:9618?addrs=192.168.11.101-9618+[--1]-9618&noUDP&sock=2456_c2b7_3>
...
014 (9206.000.006) 09/29 20:02:44 Node 6 executing on host: <192.168.11.111:9618?addrs=192.168.11.111-9618+[--1]-9618&noUDP&sock=2438_6a02_3>
...
014 (9206.000.001) 09/29 20:02:44 Node 1 executing on host: <192.168.11.110:9618?addrs=192.168.11.110-9618+[--1]-9618&noUDP&sock=2458_21e7_3>
...
014 (9206.000.003) 09/29 20:02:44 Node 3 executing on host: <192.168.11.110:9618?addrs=192.168.11.110-9618+[--1]-9618&noUDP&sock=2458_21e7_3>
...
014 (9206.000.004) 09/29 20:02:44 Node 4 executing on host: <192.168.11.111:9618?addrs=192.168.11.111-9618+[--1]-9618&noUDP&sock=2438_6a02_3>
...
014 (9206.000.005) 09/29 20:02:44 Node 5 executing on host: <192.168.11.102:9618?addrs=192.168.11.102-9618+[--1]-9618&noUDP&sock=2451_54be_3>
...
014 (9206.000.007) 09/29 20:02:44 Node 7 executing on host: <192.168.11.102:9618?addrs=192.168.11.102-9618+[--1]-9618&noUDP&sock=2451_54be_3>
...
001 (9206.000.000) 09/29 20:02:44 Job executing on host: MPI_job
...
015 (9206.000.000) 09/29 20:02:47 Node 0 terminated.
	(1) Normal termination (return value 0)
		Usr 0 00:00:00, Sys 0 00:00:00  -  Run Remote Usage
		Usr 0 00:00:00, Sys 0 00:00:00  -  Run Local Usage
		Usr 0 00:00:00, Sys 0 00:00:00  -  Total Remote Usage
		Usr 0 00:00:00, Sys 0 00:00:00  -  Total Local Usage
	0  -  Run Bytes Sent By Node
	0  -  Run Bytes Received By Node
	0  -  Total Bytes Sent By Node
	0  -  Total Bytes Received By Node
...
005 (9206.000.000) 09/29 20:02:47 Job terminated.
	(1) Normal termination (return value 0)
		Usr 0 00:00:00, Sys 0 00:00:00  -  Run Remote Usage
		Usr 0 00:00:00, Sys 0 00:00:00  -  Run Local Usage
		Usr 0 00:00:00, Sys 0 00:00:00  -  Total Remote Usage
		Usr 0 00:00:00, Sys 0 00:00:00  -  Total Local Usage
	0  -  Run Bytes Sent By Job
	0  -  Run Bytes Received By Job
	0  -  Total Bytes Sent By Job
	0  -  Total Bytes Received By Job
	Partitionable Resources :    Usage  Request Allocated
	   Cpus                 :                 2        10
	   Disk (KB)            :        3        3    761630
	   Gpus                 :                           0
	   Memory (MB)          :        1        1     28928
...
000 (9207.000.000) 09/29 20:06:35 Job submitted from host: <192.168.11.117:9618?addrs=192.168.11.117-9618+[--1]-9618&noUDP&sock=2590_6ac9_3>
...
014 (9207.000.001) 09/29 20:06:36 Node 1 executing on host: <192.168.11.103:9618?addrs=192.168.11.103-9618+[--1]-9618&noUDP&sock=2446_e6c4_3>
...
014 (9207.000.003) 09/29 20:06:36 Node 3 executing on host: <192.168.11.103:9618?addrs=192.168.11.103-9618+[--1]-9618&noUDP&sock=2446_e6c4_3>
...
014 (9207.000.000) 09/29 20:06:36 Node 0 executing on host: <192.168.11.112:9618?addrs=192.168.11.112-9618+[--1]-9618&noUDP&sock=2459_d180_3>
...
014 (9207.000.002) 09/29 20:06:36 Node 2 executing on host: <192.168.11.112:9618?addrs=192.168.11.112-9618+[--1]-9618&noUDP&sock=2459_d180_3>
...
014 (9207.000.004) 09/29 20:06:36 Node 4 executing on host: <192.168.11.113:9618?addrs=192.168.11.113-9618+[--1]-9618&noUDP&sock=2433_fc09_3>
...
014 (9207.000.006) 09/29 20:06:36 Node 6 executing on host: <192.168.11.113:9618?addrs=192.168.11.113-9618+[--1]-9618&noUDP&sock=2433_fc09_3>
...
014 (9207.000.005) 09/29 20:06:36 Node 5 executing on host: <192.168.11.104:9618?addrs=192.168.11.104-9618+[--1]-9618&noUDP&sock=2452_0456_3>
...
014 (9207.000.007) 09/29 20:06:36 Node 7 executing on host: <192.168.11.104:9618?addrs=192.168.11.104-9618+[--1]-9618&noUDP&sock=2452_0456_3>
...
001 (9207.000.000) 09/29 20:06:36 Job executing on host: MPI_job
...
015 (9207.000.000) 09/29 20:06:46 Node 0 terminated.
	(1) Normal termination (return value 0)
		Usr 0 00:00:06, Sys 0 00:00:00  -  Run Remote Usage
		Usr 0 00:00:00, Sys 0 00:00:00  -  Run Local Usage
		Usr 0 00:00:06, Sys 0 00:00:00  -  Total Remote Usage
		Usr 0 00:00:00, Sys 0 00:00:00  -  Total Local Usage
	0  -  Run Bytes Sent By Node
	0  -  Run Bytes Received By Node
	0  -  Total Bytes Sent By Node
	0  -  Total Bytes Received By Node
...
005 (9207.000.000) 09/29 20:06:46 Job terminated.
	(1) Normal termination (return value 0)
		Usr 0 00:00:41, Sys 0 00:00:00  -  Run Remote Usage
		Usr 0 00:00:00, Sys 0 00:00:00  -  Run Local Usage
		Usr 0 00:00:41, Sys 0 00:00:00  -  Total Remote Usage
		Usr 0 00:00:00, Sys 0 00:00:00  -  Total Local Usage
	0  -  Run Bytes Sent By Job
	0  -  Run Bytes Received By Job
	0  -  Total Bytes Sent By Job
	0  -  Total Bytes Received By Job
	Partitionable Resources :    Usage  Request Allocated
	   Cpus                 :                 2        10
	   Disk (KB)            :        3        3    762123
	   Gpus                 :                           0
	   Memory (MB)          :      127        1     28928
...
000 (9208.000.000) 09/29 20:07:25 Job submitted from host: <192.168.11.117:9618?addrs=192.168.11.117-9618+[--1]-9618&noUDP&sock=2590_6ac9_3>
...
014 (9208.000.000) 09/29 20:07:35 Node 0 executing on host: <192.168.11.101:9618?addrs=192.168.11.101-9618+[--1]-9618&noUDP&sock=2456_c2b7_3>
...
014 (9208.000.002) 09/29 20:07:35 Node 2 executing on host: <192.168.11.101:9618?addrs=192.168.11.101-9618+[--1]-9618&noUDP&sock=2456_c2b7_3>
...
014 (9208.000.001) 09/29 20:07:35 Node 1 executing on host: <192.168.11.110:9618?addrs=192.168.11.110-9618+[--1]-9618&noUDP&sock=2458_21e7_3>
...
014 (9208.000.003) 09/29 20:07:35 Node 3 executing on host: <192.168.11.110:9618?addrs=192.168.11.110-9618+[--1]-9618&noUDP&sock=2458_21e7_3>
...
014 (9208.000.005) 09/29 20:07:35 Node 5 executing on host: <192.168.11.111:9618?addrs=192.168.11.111-9618+[--1]-9618&noUDP&sock=2438_6a02_3>
...
014 (9208.000.006) 09/29 20:07:35 Node 6 executing on host: <192.168.11.102:9618?addrs=192.168.11.102-9618+[--1]-9618&noUDP&sock=2451_54be_3>
...
014 (9208.000.004) 09/29 20:07:35 Node 4 executing on host: <192.168.11.102:9618?addrs=192.168.11.102-9618+[--1]-9618&noUDP&sock=2451_54be_3>
...
014 (9208.000.007) 09/29 20:07:35 Node 7 executing on host: <192.168.11.111:9618?addrs=192.168.11.111-9618+[--1]-9618&noUDP&sock=2438_6a02_3>
...
001 (9208.000.000) 09/29 20:07:35 Job executing on host: MPI_job
...
015 (9208.000.000) 09/29 20:07:39 Node 0 terminated.
	(1) Normal termination (return value 0)
		Usr 0 00:00:01, Sys 0 00:00:00  -  Run Remote Usage
		Usr 0 00:00:00, Sys 0 00:00:00  -  Run Local Usage
		Usr 0 00:00:01, Sys 0 00:00:00  -  Total Remote Usage
		Usr 0 00:00:00, Sys 0 00:00:00  -  Total Local Usage
	0  -  Run Bytes Sent By Node
	0  -  Run Bytes Received By Node
	0  -  Total Bytes Sent By Node
	0  -  Total Bytes Received By Node
...
005 (9208.000.000) 09/29 20:07:39 Job terminated.
	(1) Normal termination (return value 0)
		Usr 0 00:00:01, Sys 0 00:00:00  -  Run Remote Usage
		Usr 0 00:00:00, Sys 0 00:00:00  -  Run Local Usage
		Usr 0 00:00:01, Sys 0 00:00:00  -  Total Remote Usage
		Usr 0 00:00:00, Sys 0 00:00:00  -  Total Local Usage
	0  -  Run Bytes Sent By Job
	0  -  Run Bytes Received By Job
	0  -  Total Bytes Sent By Job
	0  -  Total Bytes Received By Job
	Partitionable Resources :    Usage  Request Allocated
	   Cpus                 :                 2        10
	   Disk (KB)            :        3        3    761630
	   Gpus                 :                           0
	   Memory (MB)          :        1        1     28928
...
000 (9209.000.000) 09/29 20:08:18 Job submitted from host: <192.168.11.117:9618?addrs=192.168.11.117-9618+[--1]-9618&noUDP&sock=2590_6ac9_3>
...
014 (9209.000.000) 09/29 20:08:19 Node 0 executing on host: <192.168.11.103:9618?addrs=192.168.11.103-9618+[--1]-9618&noUDP&sock=2446_e6c4_3>
...
014 (9209.000.002) 09/29 20:08:19 Node 2 executing on host: <192.168.11.103:9618?addrs=192.168.11.103-9618+[--1]-9618&noUDP&sock=2446_e6c4_3>
...
014 (9209.000.005) 09/29 20:08:19 Node 5 executing on host: <192.168.11.113:9618?addrs=192.168.11.113-9618+[--1]-9618&noUDP&sock=2433_fc09_3>
...
014 (9209.000.004) 09/29 20:08:19 Node 4 executing on host: <192.168.11.104:9618?addrs=192.168.11.104-9618+[--1]-9618&noUDP&sock=2452_0456_3>
...
014 (9209.000.006) 09/29 20:08:19 Node 6 executing on host: <192.168.11.104:9618?addrs=192.168.11.104-9618+[--1]-9618&noUDP&sock=2452_0456_3>
...
014 (9209.000.007) 09/29 20:08:19 Node 7 executing on host: <192.168.11.113:9618?addrs=192.168.11.113-9618+[--1]-9618&noUDP&sock=2433_fc09_3>
...
014 (9209.000.001) 09/29 20:08:19 Node 1 executing on host: <192.168.11.112:9618?addrs=192.168.11.112-9618+[--1]-9618&noUDP&sock=2459_d180_3>
...
014 (9209.000.003) 09/29 20:08:19 Node 3 executing on host: <192.168.11.112:9618?addrs=192.168.11.112-9618+[--1]-9618&noUDP&sock=2459_d180_3>
...
001 (9209.000.000) 09/29 20:08:19 Job executing on host: MPI_job
...
015 (9209.000.000) 09/29 20:08:24 Node 0 terminated.
	(1) Normal termination (return value 0)
		Usr 0 00:00:00, Sys 0 00:00:00  -  Run Remote Usage
		Usr 0 00:00:00, Sys 0 00:00:00  -  Run Local Usage
		Usr 0 00:00:00, Sys 0 00:00:00  -  Total Remote Usage
		Usr 0 00:00:00, Sys 0 00:00:00  -  Total Local Usage
	0  -  Run Bytes Sent By Node
	0  -  Run Bytes Received By Node
	0  -  Total Bytes Sent By Node
	0  -  Total Bytes Received By Node
...
005 (9209.000.000) 09/29 20:08:24 Job terminated.
	(1) Normal termination (return value 0)
		Usr 0 00:00:00, Sys 0 00:00:00  -  Run Remote Usage
		Usr 0 00:00:00, Sys 0 00:00:00  -  Run Local Usage
		Usr 0 00:00:00, Sys 0 00:00:00  -  Total Remote Usage
		Usr 0 00:00:00, Sys 0 00:00:00  -  Total Local Usage
	0  -  Run Bytes Sent By Job
	0  -  Run Bytes Received By Job
	0  -  Total Bytes Sent By Job
	0  -  Total Bytes Received By Job
	Partitionable Resources :    Usage  Request Allocated
	   Cpus                 :                 2        10
	   Disk (KB)            :        3        3    762122
	   Gpus                 :                           0
	   Memory (MB)          :        1        1     28928
...
000 (9210.000.000) 09/29 20:09:16 Job submitted from host: <192.168.11.117:9618?addrs=192.168.11.117-9618+[--1]-9618&noUDP&sock=2590_6ac9_3>
...
014 (9210.000.001) 09/29 20:09:23 Node 1 executing on host: <192.168.11.110:9618?addrs=192.168.11.110-9618+[--1]-9618&noUDP&sock=2458_21e7_3>
...
014 (9210.000.000) 09/29 20:09:23 Node 0 executing on host: <192.168.11.101:9618?addrs=192.168.11.101-9618+[--1]-9618&noUDP&sock=2456_c2b7_3>
...
014 (9210.000.002) 09/29 20:09:23 Node 2 executing on host: <192.168.11.101:9618?addrs=192.168.11.101-9618+[--1]-9618&noUDP&sock=2456_c2b7_3>
...
014 (9210.000.003) 09/29 20:09:23 Node 3 executing on host: <192.168.11.110:9618?addrs=192.168.11.110-9618+[--1]-9618&noUDP&sock=2458_21e7_3>
...
014 (9210.000.005) 09/29 20:09:23 Node 5 executing on host: <192.168.11.111:9618?addrs=192.168.11.111-9618+[--1]-9618&noUDP&sock=2438_6a02_3>
...
014 (9210.000.007) 09/29 20:09:23 Node 7 executing on host: <192.168.11.111:9618?addrs=192.168.11.111-9618+[--1]-9618&noUDP&sock=2438_6a02_3>
...
014 (9210.000.006) 09/29 20:09:23 Node 6 executing on host: <192.168.11.102:9618?addrs=192.168.11.102-9618+[--1]-9618&noUDP&sock=2451_54be_3>
...
014 (9210.000.004) 09/29 20:09:23 Node 4 executing on host: <192.168.11.102:9618?addrs=192.168.11.102-9618+[--1]-9618&noUDP&sock=2451_54be_3>
...
001 (9210.000.000) 09/29 20:09:23 Job executing on host: MPI_job
...
015 (9210.000.000) 09/29 20:09:27 Node 0 terminated.
	(1) Normal termination (return value 0)
		Usr 0 00:00:00, Sys 0 00:00:00  -  Run Remote Usage
		Usr 0 00:00:00, Sys 0 00:00:00  -  Run Local Usage
		Usr 0 00:00:00, Sys 0 00:00:00  -  Total Remote Usage
		Usr 0 00:00:00, Sys 0 00:00:00  -  Total Local Usage
	0  -  Run Bytes Sent By Node
	0  -  Run Bytes Received By Node
	0  -  Total Bytes Sent By Node
	0  -  Total Bytes Received By Node
...
005 (9210.000.000) 09/29 20:09:27 Job terminated.
	(1) Normal termination (return value 0)
		Usr 0 00:00:00, Sys 0 00:00:00  -  Run Remote Usage
		Usr 0 00:00:00, Sys 0 00:00:00  -  Run Local Usage
		Usr 0 00:00:00, Sys 0 00:00:00  -  Total Remote Usage
		Usr 0 00:00:00, Sys 0 00:00:00  -  Total Local Usage
	0  -  Run Bytes Sent By Job
	0  -  Run Bytes Received By Job
	0  -  Total Bytes Sent By Job
	0  -  Total Bytes Received By Job
	Partitionable Resources :    Usage  Request Allocated
	   Cpus                 :                 2        10
	   Disk (KB)            :        3        3    761630
	   Gpus                 :                           0
	   Memory (MB)          :        1        1     28928
...
000 (9214.000.000) 09/29 20:36:11 Job submitted from host: <192.168.11.117:9618?addrs=192.168.11.117-9618+[--1]-9618&noUDP&sock=2590_6ac9_3>
...
014 (9214.000.001) 09/29 20:36:31 Node 1 executing on host: <192.168.11.101:9618?addrs=192.168.11.101-9618+[--1]-9618&noUDP&sock=2456_c2b7_3>
...
014 (9214.000.003) 09/29 20:36:31 Node 3 executing on host: <192.168.11.101:9618?addrs=192.168.11.101-9618+[--1]-9618&noUDP&sock=2456_c2b7_3>
...
014 (9214.000.000) 09/29 20:36:31 Node 0 executing on host: <192.168.11.110:9618?addrs=192.168.11.110-9618+[--1]-9618&noUDP&sock=2458_21e7_3>
...
014 (9214.000.002) 09/29 20:36:31 Node 2 executing on host: <192.168.11.110:9618?addrs=192.168.11.110-9618+[--1]-9618&noUDP&sock=2458_21e7_3>
...
014 (9214.000.005) 09/29 20:36:31 Node 5 executing on host: <192.168.11.111:9618?addrs=192.168.11.111-9618+[--1]-9618&noUDP&sock=2438_6a02_3>
...
014 (9214.000.007) 09/29 20:36:31 Node 7 executing on host: <192.168.11.111:9618?addrs=192.168.11.111-9618+[--1]-9618&noUDP&sock=2438_6a02_3>
...
014 (9214.000.004) 09/29 20:36:31 Node 4 executing on host: <192.168.11.102:9618?addrs=192.168.11.102-9618+[--1]-9618&noUDP&sock=2451_54be_3>
...
014 (9214.000.006) 09/29 20:36:31 Node 6 executing on host: <192.168.11.102:9618?addrs=192.168.11.102-9618+[--1]-9618&noUDP&sock=2451_54be_3>
...
001 (9214.000.000) 09/29 20:36:31 Job executing on host: MPI_job
...
015 (9214.000.000) 09/29 20:36:39 Node 0 terminated.
	(1) Normal termination (return value 0)
		Usr 0 00:00:04, Sys 0 00:00:06  -  Run Remote Usage
		Usr 0 00:00:00, Sys 0 00:00:00  -  Run Local Usage
		Usr 0 00:00:04, Sys 0 00:00:06  -  Total Remote Usage
		Usr 0 00:00:00, Sys 0 00:00:00  -  Total Local Usage
	0  -  Run Bytes Sent By Node
	0  -  Run Bytes Received By Node
	0  -  Total Bytes Sent By Node
	0  -  Total Bytes Received By Node
...
005 (9214.000.000) 09/29 20:36:39 Job terminated.
	(1) Normal termination (return value 0)
		Usr 0 00:00:18, Sys 0 00:00:06  -  Run Remote Usage
		Usr 0 00:00:00, Sys 0 00:00:00  -  Run Local Usage
		Usr 0 00:00:18, Sys 0 00:00:06  -  Total Remote Usage
		Usr 0 00:00:00, Sys 0 00:00:00  -  Total Local Usage
	0  -  Run Bytes Sent By Job
	0  -  Run Bytes Received By Job
	0  -  Total Bytes Sent By Job
	0  -  Total Bytes Received By Job
	Partitionable Resources :    Usage  Request Allocated
	   Cpus                 :                 2        10
	   Disk (KB)            :        3        3    762086
	   Gpus                 :                           0
	   Memory (MB)          :       34        1     28928
...
000 (9217.000.000) 09/29 20:49:08 Job submitted from host: <192.168.11.117:9618?addrs=192.168.11.117-9618+[--1]-9618&noUDP&sock=2590_6ac9_3>
...
014 (9217.000.001) 09/29 20:49:20 Node 1 executing on host: <192.168.11.110:9618?addrs=192.168.11.110-9618+[--1]-9618&noUDP&sock=2458_21e7_3>
...
014 (9217.000.003) 09/29 20:49:20 Node 3 executing on host: <192.168.11.110:9618?addrs=192.168.11.110-9618+[--1]-9618&noUDP&sock=2458_21e7_3>
...
014 (9217.000.000) 09/29 20:49:20 Node 0 executing on host: <192.168.11.101:9618?addrs=192.168.11.101-9618+[--1]-9618&noUDP&sock=2456_c2b7_3>
...
014 (9217.000.002) 09/29 20:49:20 Node 2 executing on host: <192.168.11.101:9618?addrs=192.168.11.101-9618+[--1]-9618&noUDP&sock=2456_c2b7_3>
...
014 (9217.000.005) 09/29 20:49:20 Node 5 executing on host: <192.168.11.111:9618?addrs=192.168.11.111-9618+[--1]-9618&noUDP&sock=2438_6a02_3>
...
014 (9217.000.007) 09/29 20:49:20 Node 7 executing on host: <192.168.11.111:9618?addrs=192.168.11.111-9618+[--1]-9618&noUDP&sock=2438_6a02_3>
...
014 (9217.000.004) 09/29 20:49:20 Node 4 executing on host: <192.168.11.102:9618?addrs=192.168.11.102-9618+[--1]-9618&noUDP&sock=2451_54be_3>
...
014 (9217.000.006) 09/29 20:49:20 Node 6 executing on host: <192.168.11.102:9618?addrs=192.168.11.102-9618+[--1]-9618&noUDP&sock=2451_54be_3>
...
001 (9217.000.000) 09/29 20:49:20 Job executing on host: MPI_job
...
015 (9217.000.000) 09/29 20:49:27 Node 0 terminated.
	(1) Normal termination (return value 0)
		Usr 0 00:00:05, Sys 0 00:00:06  -  Run Remote Usage
		Usr 0 00:00:00, Sys 0 00:00:00  -  Run Local Usage
		Usr 0 00:00:05, Sys 0 00:00:06  -  Total Remote Usage
		Usr 0 00:00:00, Sys 0 00:00:00  -  Total Local Usage
	0  -  Run Bytes Sent By Node
	0  -  Run Bytes Received By Node
	0  -  Total Bytes Sent By Node
	0  -  Total Bytes Received By Node
...
005 (9217.000.000) 09/29 20:49:27 Job terminated.
	(1) Normal termination (return value 0)
		Usr 0 00:00:05, Sys 0 00:00:06  -  Run Remote Usage
		Usr 0 00:00:00, Sys 0 00:00:00  -  Run Local Usage
		Usr 0 00:00:05, Sys 0 00:00:06  -  Total Remote Usage
		Usr 0 00:00:00, Sys 0 00:00:00  -  Total Local Usage
	0  -  Run Bytes Sent By Job
	0  -  Run Bytes Received By Job
	0  -  Total Bytes Sent By Job
	0  -  Total Bytes Received By Job
	Partitionable Resources :    Usage  Request Allocated
	   Cpus                 :                 2        10
	   Disk (KB)            :        3        3    761630
	   Gpus                 :                           0
	   Memory (MB)          :        1        1     28928
...
000 (9218.000.000) 09/29 20:52:48 Job submitted from host: <192.168.11.117:9618?addrs=192.168.11.117-9618+[--1]-9618&noUDP&sock=2590_6ac9_3>
...
014 (9218.000.000) 09/29 20:52:50 Node 0 executing on host: <192.168.11.112:9618?addrs=192.168.11.112-9618+[--1]-9618&noUDP&sock=2459_d180_3>
...
014 (9218.000.002) 09/29 20:52:50 Node 2 executing on host: <192.168.11.112:9618?addrs=192.168.11.112-9618+[--1]-9618&noUDP&sock=2459_d180_3>
...
014 (9218.000.001) 09/29 20:52:50 Node 1 executing on host: <192.168.11.103:9618?addrs=192.168.11.103-9618+[--1]-9618&noUDP&sock=2446_e6c4_3>
...
014 (9218.000.003) 09/29 20:52:50 Node 3 executing on host: <192.168.11.103:9618?addrs=192.168.11.103-9618+[--1]-9618&noUDP&sock=2446_e6c4_3>
...
014 (9218.000.006) 09/29 20:52:50 Node 6 executing on host: <192.168.11.104:9618?addrs=192.168.11.104-9618+[--1]-9618&noUDP&sock=2452_0456_3>
...
014 (9218.000.004) 09/29 20:52:50 Node 4 executing on host: <192.168.11.104:9618?addrs=192.168.11.104-9618+[--1]-9618&noUDP&sock=2452_0456_3>
...
014 (9218.000.005) 09/29 20:52:50 Node 5 executing on host: <192.168.11.113:9618?addrs=192.168.11.113-9618+[--1]-9618&noUDP&sock=2433_fc09_3>
...
014 (9218.000.007) 09/29 20:52:50 Node 7 executing on host: <192.168.11.113:9618?addrs=192.168.11.113-9618+[--1]-9618&noUDP&sock=2433_fc09_3>
...
001 (9218.000.000) 09/29 20:52:50 Job executing on host: MPI_job
...
015 (9218.000.000) 09/29 20:52:58 Node 0 terminated.
	(1) Normal termination (return value 0)
		Usr 0 00:00:05, Sys 0 00:00:06  -  Run Remote Usage
		Usr 0 00:00:00, Sys 0 00:00:00  -  Run Local Usage
		Usr 0 00:00:05, Sys 0 00:00:06  -  Total Remote Usage
		Usr 0 00:00:00, Sys 0 00:00:00  -  Total Local Usage
	0  -  Run Bytes Sent By Node
	0  -  Run Bytes Received By Node
	0  -  Total Bytes Sent By Node
	0  -  Total Bytes Received By Node
...
005 (9218.000.000) 09/29 20:52:58 Job terminated.
	(1) Normal termination (return value 0)
		Usr 0 00:00:05, Sys 0 00:00:06  -  Run Remote Usage
		Usr 0 00:00:00, Sys 0 00:00:00  -  Run Local Usage
		Usr 0 00:00:05, Sys 0 00:00:06  -  Total Remote Usage
		Usr 0 00:00:00, Sys 0 00:00:00  -  Total Local Usage
	0  -  Run Bytes Sent By Job
	0  -  Run Bytes Received By Job
	0  -  Total Bytes Sent By Job
	0  -  Total Bytes Received By Job
	Partitionable Resources :    Usage  Request Allocated
	   Cpus                 :                 2        10
	   Disk (KB)            :        3        3    762123
	   Gpus                 :                           0
	   Memory (MB)          :        1        1     28928
...
000 (9220.000.000) 09/29 20:53:54 Job submitted from host: <192.168.11.117:9618?addrs=192.168.11.117-9618+[--1]-9618&noUDP&sock=2590_6ac9_3>
...
014 (9220.000.001) 09/29 20:53:55 Node 1 executing on host: <192.168.11.112:9618?addrs=192.168.11.112-9618+[--1]-9618&noUDP&sock=2459_d180_3>
...
014 (9220.000.004) 09/29 20:53:55 Node 4 executing on host: <192.168.11.113:9618?addrs=192.168.11.113-9618+[--1]-9618&noUDP&sock=2433_fc09_3>
...
014 (9220.000.006) 09/29 20:53:55 Node 6 executing on host: <192.168.11.113:9618?addrs=192.168.11.113-9618+[--1]-9618&noUDP&sock=2433_fc09_3>
...
014 (9220.000.000) 09/29 20:53:55 Node 0 executing on host: <192.168.11.103:9618?addrs=192.168.11.103-9618+[--1]-9618&noUDP&sock=2446_e6c4_3>
...
014 (9220.000.002) 09/29 20:53:55 Node 2 executing on host: <192.168.11.103:9618?addrs=192.168.11.103-9618+[--1]-9618&noUDP&sock=2446_e6c4_3>
...
014 (9220.000.005) 09/29 20:53:55 Node 5 executing on host: <192.168.11.104:9618?addrs=192.168.11.104-9618+[--1]-9618&noUDP&sock=2452_0456_3>
...
014 (9220.000.003) 09/29 20:53:55 Node 3 executing on host: <192.168.11.112:9618?addrs=192.168.11.112-9618+[--1]-9618&noUDP&sock=2459_d180_3>
...
014 (9220.000.007) 09/29 20:53:55 Node 7 executing on host: <192.168.11.104:9618?addrs=192.168.11.104-9618+[--1]-9618&noUDP&sock=2452_0456_3>
...
001 (9220.000.000) 09/29 20:53:55 Job executing on host: MPI_job
...
015 (9220.000.000) 09/29 20:54:03 Node 0 terminated.
	(1) Normal termination (return value 0)
		Usr 0 00:00:05, Sys 0 00:00:06  -  Run Remote Usage
		Usr 0 00:00:00, Sys 0 00:00:00  -  Run Local Usage
		Usr 0 00:00:05, Sys 0 00:00:06  -  Total Remote Usage
		Usr 0 00:00:00, Sys 0 00:00:00  -  Total Local Usage
	0  -  Run Bytes Sent By Node
	0  -  Run Bytes Received By Node
	0  -  Total Bytes Sent By Node
	0  -  Total Bytes Received By Node
...
005 (9220.000.000) 09/29 20:54:03 Job terminated.
	(1) Normal termination (return value 0)
		Usr 0 00:00:05, Sys 0 00:00:06  -  Run Remote Usage
		Usr 0 00:00:00, Sys 0 00:00:00  -  Run Local Usage
		Usr 0 00:00:05, Sys 0 00:00:06  -  Total Remote Usage
		Usr 0 00:00:00, Sys 0 00:00:00  -  Total Local Usage
	0  -  Run Bytes Sent By Job
	0  -  Run Bytes Received By Job
	0  -  Total Bytes Sent By Job
	0  -  Total Bytes Received By Job
	Partitionable Resources :    Usage  Request Allocated
	   Cpus                 :                 2        10
	   Disk (KB)            :        3        3    762121
	   Gpus                 :                           0
	   Memory (MB)          :        1        1     28928
...
000 (9226.000.000) 10/02 12:37:18 Job submitted from host: <192.168.11.117:9618?addrs=192.168.11.117-9618+[--1]-9618&noUDP&sock=2590_6ac9_3>
...
014 (9226.000.001) 10/02 12:37:27 Node 1 executing on host: <192.168.11.101:9618?addrs=192.168.11.101-9618+[--1]-9618&noUDP&sock=2456_c2b7_3>
...
014 (9226.000.003) 10/02 12:37:27 Node 3 executing on host: <192.168.11.101:9618?addrs=192.168.11.101-9618+[--1]-9618&noUDP&sock=2456_c2b7_3>
...
014 (9226.000.000) 10/02 12:37:27 Node 0 executing on host: <192.168.11.110:9618?addrs=192.168.11.110-9618+[--1]-9618&noUDP&sock=2458_21e7_3>
...
014 (9226.000.002) 10/02 12:37:27 Node 2 executing on host: <192.168.11.110:9618?addrs=192.168.11.110-9618+[--1]-9618&noUDP&sock=2458_21e7_3>
...
014 (9226.000.005) 10/02 12:37:27 Node 5 executing on host: <192.168.11.111:9618?addrs=192.168.11.111-9618+[--1]-9618&noUDP&sock=2438_6a02_3>
...
014 (9226.000.004) 10/02 12:37:27 Node 4 executing on host: <192.168.11.102:9618?addrs=192.168.11.102-9618+[--1]-9618&noUDP&sock=2451_54be_3>
...
014 (9226.000.006) 10/02 12:37:27 Node 6 executing on host: <192.168.11.102:9618?addrs=192.168.11.102-9618+[--1]-9618&noUDP&sock=2451_54be_3>
...
014 (9226.000.007) 10/02 12:37:27 Node 7 executing on host: <192.168.11.111:9618?addrs=192.168.11.111-9618+[--1]-9618&noUDP&sock=2438_6a02_3>
...
001 (9226.000.000) 10/02 12:37:27 Job executing on host: MPI_job
...
015 (9226.000.000) 10/02 12:37:35 Node 0 terminated.
	(1) Normal termination (return value 0)
		Usr 0 00:00:05, Sys 0 00:00:06  -  Run Remote Usage
		Usr 0 00:00:00, Sys 0 00:00:00  -  Run Local Usage
		Usr 0 00:00:05, Sys 0 00:00:06  -  Total Remote Usage
		Usr 0 00:00:00, Sys 0 00:00:00  -  Total Local Usage
	0  -  Run Bytes Sent By Node
	0  -  Run Bytes Received By Node
	0  -  Total Bytes Sent By Node
	0  -  Total Bytes Received By Node
...
005 (9226.000.000) 10/02 12:37:35 Job terminated.
	(1) Normal termination (return value 0)
		Usr 0 00:00:05, Sys 0 00:00:06  -  Run Remote Usage
		Usr 0 00:00:00, Sys 0 00:00:00  -  Run Local Usage
		Usr 0 00:00:05, Sys 0 00:00:06  -  Total Remote Usage
		Usr 0 00:00:00, Sys 0 00:00:00  -  Total Local Usage
	0  -  Run Bytes Sent By Job
	0  -  Run Bytes Received By Job
	0  -  Total Bytes Sent By Job
	0  -  Total Bytes Received By Job
	Partitionable Resources :    Usage  Request Allocated
	   Cpus                 :                 2        10
	   Disk (KB)            :        3        3    762159
	   Gpus                 :                           0
	   Memory (MB)          :        1        1     28928
...
000 (9231.000.000) 10/02 12:45:47 Job submitted from host: <192.168.11.117:9618?addrs=192.168.11.117-9618+[--1]-9618&noUDP&sock=2590_6ac9_3>
...
014 (9231.000.000) 10/02 12:45:50 Node 0 executing on host: <192.168.11.101:9618?addrs=192.168.11.101-9618+[--1]-9618&noUDP&sock=2456_c2b7_3>
...
014 (9231.000.002) 10/02 12:45:50 Node 2 executing on host: <192.168.11.101:9618?addrs=192.168.11.101-9618+[--1]-9618&noUDP&sock=2456_c2b7_3>
...
014 (9231.000.001) 10/02 12:45:50 Node 1 executing on host: <192.168.11.110:9618?addrs=192.168.11.110-9618+[--1]-9618&noUDP&sock=2458_21e7_3>
...
014 (9231.000.003) 10/02 12:45:50 Node 3 executing on host: <192.168.11.110:9618?addrs=192.168.11.110-9618+[--1]-9618&noUDP&sock=2458_21e7_3>
...
014 (9231.000.004) 10/02 12:45:50 Node 4 executing on host: <192.168.11.111:9618?addrs=192.168.11.111-9618+[--1]-9618&noUDP&sock=2438_6a02_3>
...
014 (9231.000.006) 10/02 12:45:50 Node 6 executing on host: <192.168.11.111:9618?addrs=192.168.11.111-9618+[--1]-9618&noUDP&sock=2438_6a02_3>
...
014 (9231.000.005) 10/02 12:45:50 Node 5 executing on host: <192.168.11.102:9618?addrs=192.168.11.102-9618+[--1]-9618&noUDP&sock=2451_54be_3>
...
014 (9231.000.007) 10/02 12:45:50 Node 7 executing on host: <192.168.11.102:9618?addrs=192.168.11.102-9618+[--1]-9618&noUDP&sock=2451_54be_3>
...
001 (9231.000.000) 10/02 12:45:50 Job executing on host: MPI_job
...
015 (9231.000.000) 10/02 12:45:54 Node 0 terminated.
	(1) Normal termination (return value 0)
		Usr 0 00:00:00, Sys 0 00:00:00  -  Run Remote Usage
		Usr 0 00:00:00, Sys 0 00:00:00  -  Run Local Usage
		Usr 0 00:00:00, Sys 0 00:00:00  -  Total Remote Usage
		Usr 0 00:00:00, Sys 0 00:00:00  -  Total Local Usage
	0  -  Run Bytes Sent By Node
	0  -  Run Bytes Received By Node
	0  -  Total Bytes Sent By Node
	0  -  Total Bytes Received By Node
...
005 (9231.000.000) 10/02 12:45:54 Job terminated.
	(1) Normal termination (return value 0)
		Usr 0 00:00:00, Sys 0 00:00:00  -  Run Remote Usage
		Usr 0 00:00:00, Sys 0 00:00:00  -  Run Local Usage
		Usr 0 00:00:00, Sys 0 00:00:00  -  Total Remote Usage
		Usr 0 00:00:00, Sys 0 00:00:00  -  Total Local Usage
	0  -  Run Bytes Sent By Job
	0  -  Run Bytes Received By Job
	0  -  Total Bytes Sent By Job
	0  -  Total Bytes Received By Job
	Partitionable Resources :    Usage  Request Allocated
	   Cpus                 :                 2        10
	   Disk (KB)            :        3        3    761631
	   Gpus                 :                           0
	   Memory (MB)          :        1        1     28928
...
000 (9233.000.000) 10/02 12:49:25 Job submitted from host: <192.168.11.117:9618?addrs=192.168.11.117-9618+[--1]-9618&noUDP&sock=2590_6ac9_3>
...
014 (9233.000.000) 10/02 12:49:37 Node 0 executing on host: <192.168.11.110:9618?addrs=192.168.11.110-9618+[--1]-9618&noUDP&sock=2458_21e7_3>
...
014 (9233.000.001) 10/02 12:49:37 Node 1 executing on host: <192.168.11.101:9618?addrs=192.168.11.101-9618+[--1]-9618&noUDP&sock=2456_c2b7_3>
...
014 (9233.000.002) 10/02 12:49:37 Node 2 executing on host: <192.168.11.110:9618?addrs=192.168.11.110-9618+[--1]-9618&noUDP&sock=2458_21e7_3>
...
014 (9233.000.003) 10/02 12:49:37 Node 3 executing on host: <192.168.11.101:9618?addrs=192.168.11.101-9618+[--1]-9618&noUDP&sock=2456_c2b7_3>
...
014 (9233.000.006) 10/02 12:49:37 Node 6 executing on host: <192.168.11.102:9618?addrs=192.168.11.102-9618+[--1]-9618&noUDP&sock=2451_54be_3>
...
014 (9233.000.004) 10/02 12:49:37 Node 4 executing on host: <192.168.11.102:9618?addrs=192.168.11.102-9618+[--1]-9618&noUDP&sock=2451_54be_3>
...
014 (9233.000.007) 10/02 12:49:37 Node 7 executing on host: <192.168.11.111:9618?addrs=192.168.11.111-9618+[--1]-9618&noUDP&sock=2438_6a02_3>
...
014 (9233.000.005) 10/02 12:49:37 Node 5 executing on host: <192.168.11.111:9618?addrs=192.168.11.111-9618+[--1]-9618&noUDP&sock=2438_6a02_3>
...
001 (9233.000.000) 10/02 12:49:37 Job executing on host: MPI_job
...
015 (9233.000.000) 10/02 12:49:41 Node 0 terminated.
	(1) Normal termination (return value 0)
		Usr 0 00:00:00, Sys 0 00:00:00  -  Run Remote Usage
		Usr 0 00:00:00, Sys 0 00:00:00  -  Run Local Usage
		Usr 0 00:00:00, Sys 0 00:00:00  -  Total Remote Usage
		Usr 0 00:00:00, Sys 0 00:00:00  -  Total Local Usage
	0  -  Run Bytes Sent By Node
	0  -  Run Bytes Received By Node
	0  -  Total Bytes Sent By Node
	0  -  Total Bytes Received By Node
...
005 (9233.000.000) 10/02 12:49:41 Job terminated.
	(1) Normal termination (return value 0)
		Usr 0 00:00:00, Sys 0 00:00:00  -  Run Remote Usage
		Usr 0 00:00:00, Sys 0 00:00:00  -  Run Local Usage
		Usr 0 00:00:00, Sys 0 00:00:00  -  Total Remote Usage
		Usr 0 00:00:00, Sys 0 00:00:00  -  Total Local Usage
	0  -  Run Bytes Sent By Job
	0  -  Run Bytes Received By Job
	0  -  Total Bytes Sent By Job
	0  -  Total Bytes Received By Job
	Partitionable Resources :    Usage  Request Allocated
	   Cpus                 :                 2        10
	   Disk (KB)            :        3        3    762159
	   Gpus                 :                           0
	   Memory (MB)          :        1        1     28928
...
000 (9234.000.000) 10/02 12:51:33 Job submitted from host: <192.168.11.117:9618?addrs=192.168.11.117-9618+[--1]-9618&noUDP&sock=2590_6ac9_3>
...
014 (9234.000.000) 10/02 12:51:45 Node 0 executing on host: <192.168.11.110:9618?addrs=192.168.11.110-9618+[--1]-9618&noUDP&sock=2458_21e7_3>
...
014 (9234.000.002) 10/02 12:51:45 Node 2 executing on host: <192.168.11.110:9618?addrs=192.168.11.110-9618+[--1]-9618&noUDP&sock=2458_21e7_3>
...
014 (9234.000.004) 10/02 12:51:45 Node 4 executing on host: <192.168.11.111:9618?addrs=192.168.11.111-9618+[--1]-9618&noUDP&sock=2438_6a02_3>
...
014 (9234.000.006) 10/02 12:51:45 Node 6 executing on host: <192.168.11.111:9618?addrs=192.168.11.111-9618+[--1]-9618&noUDP&sock=2438_6a02_3>
...
014 (9234.000.001) 10/02 12:51:45 Node 1 executing on host: <192.168.11.101:9618?addrs=192.168.11.101-9618+[--1]-9618&noUDP&sock=2456_c2b7_3>
...
014 (9234.000.003) 10/02 12:51:45 Node 3 executing on host: <192.168.11.101:9618?addrs=192.168.11.101-9618+[--1]-9618&noUDP&sock=2456_c2b7_3>
...
014 (9234.000.005) 10/02 12:51:45 Node 5 executing on host: <192.168.11.102:9618?addrs=192.168.11.102-9618+[--1]-9618&noUDP&sock=2451_54be_3>
...
014 (9234.000.007) 10/02 12:51:45 Node 7 executing on host: <192.168.11.102:9618?addrs=192.168.11.102-9618+[--1]-9618&noUDP&sock=2451_54be_3>
...
001 (9234.000.000) 10/02 12:51:45 Job executing on host: MPI_job
...
004 (9234.000.000) 10/02 12:56:18 Job was evicted.
	(0) Job was not checkpointed.
		Usr 0 00:09:23, Sys 0 00:00:00  -  Run Remote Usage
		Usr 0 00:00:00, Sys 0 00:00:00  -  Run Local Usage
	0  -  Run Bytes Sent By Job
	0  -  Run Bytes Received By Job
	Partitionable Resources :    Usage  Request Allocated
	   Cpus                 :                 2        10
	   Disk (KB)            :        3        3    762159
	   Gpus                 :                           0
	   Memory (MB)          :       34        1     28928
...
009 (9234.000.000) 10/02 12:56:18 Job was aborted by the user.
	via condor_rm (by user hiroki-h)
...
000 (9235.000.000) 10/02 12:58:56 Job submitted from host: <192.168.11.117:9618?addrs=192.168.11.117-9618+[--1]-9618&noUDP&sock=2590_6ac9_3>
...
014 (9235.000.000) 10/02 12:59:02 Node 0 executing on host: <192.168.11.112:9618?addrs=192.168.11.112-9618+[--1]-9618&noUDP&sock=2459_d180_3>
...
014 (9235.000.002) 10/02 12:59:02 Node 2 executing on host: <192.168.11.112:9618?addrs=192.168.11.112-9618+[--1]-9618&noUDP&sock=2459_d180_3>
...
014 (9235.000.001) 10/02 12:59:02 Node 1 executing on host: <192.168.11.103:9618?addrs=192.168.11.103-9618+[--1]-9618&noUDP&sock=2446_e6c4_3>
...
014 (9235.000.003) 10/02 12:59:02 Node 3 executing on host: <192.168.11.103:9618?addrs=192.168.11.103-9618+[--1]-9618&noUDP&sock=2446_e6c4_3>
...
014 (9235.000.004) 10/02 12:59:02 Node 4 executing on host: <192.168.11.104:9618?addrs=192.168.11.104-9618+[--1]-9618&noUDP&sock=2452_0456_3>
...
014 (9235.000.006) 10/02 12:59:02 Node 6 executing on host: <192.168.11.104:9618?addrs=192.168.11.104-9618+[--1]-9618&noUDP&sock=2452_0456_3>
...
014 (9235.000.005) 10/02 12:59:02 Node 5 executing on host: <192.168.11.113:9618?addrs=192.168.11.113-9618+[--1]-9618&noUDP&sock=2433_fc09_3>
...
014 (9235.000.007) 10/02 12:59:02 Node 7 executing on host: <192.168.11.113:9618?addrs=192.168.11.113-9618+[--1]-9618&noUDP&sock=2433_fc09_3>
...
001 (9235.000.000) 10/02 12:59:02 Job executing on host: MPI_job
...
004 (9235.000.000) 10/02 13:00:18 Job was evicted.
	(0) Job was not checkpointed.
		Usr 0 00:05:14, Sys 0 00:00:01  -  Run Remote Usage
		Usr 0 00:00:00, Sys 0 00:00:00  -  Run Local Usage
	0  -  Run Bytes Sent By Job
	0  -  Run Bytes Received By Job
	Partitionable Resources :    Usage  Request Allocated
	   Cpus                 :                 2        10
	   Disk (KB)            :        3        3    762196
	   Gpus                 :                           0
	   Memory (MB)          :       35        1     28928
...
009 (9235.000.000) 10/02 13:00:18 Job was aborted by the user.
	via condor_rm (by user hiroki-h)
...
000 (9236.000.000) 10/02 13:04:08 Job submitted from host: <192.168.11.117:9618?addrs=192.168.11.117-9618+[--1]-9618&noUDP&sock=2590_6ac9_3>
...
014 (9236.000.000) 10/02 13:04:29 Node 0 executing on host: <192.168.11.110:9618?addrs=192.168.11.110-9618+[--1]-9618&noUDP&sock=2458_21e7_3>
...
014 (9236.000.002) 10/02 13:04:29 Node 2 executing on host: <192.168.11.110:9618?addrs=192.168.11.110-9618+[--1]-9618&noUDP&sock=2458_21e7_3>
...
014 (9236.000.001) 10/02 13:04:29 Node 1 executing on host: <192.168.11.101:9618?addrs=192.168.11.101-9618+[--1]-9618&noUDP&sock=2456_c2b7_3>
...
014 (9236.000.003) 10/02 13:04:29 Node 3 executing on host: <192.168.11.101:9618?addrs=192.168.11.101-9618+[--1]-9618&noUDP&sock=2456_c2b7_3>
...
014 (9236.000.005) 10/02 13:04:29 Node 5 executing on host: <192.168.11.111:9618?addrs=192.168.11.111-9618+[--1]-9618&noUDP&sock=2438_6a02_3>
...
014 (9236.000.004) 10/02 13:04:29 Node 4 executing on host: <192.168.11.102:9618?addrs=192.168.11.102-9618+[--1]-9618&noUDP&sock=2451_54be_3>
...
014 (9236.000.006) 10/02 13:04:29 Node 6 executing on host: <192.168.11.102:9618?addrs=192.168.11.102-9618+[--1]-9618&noUDP&sock=2451_54be_3>
...
014 (9236.000.007) 10/02 13:04:29 Node 7 executing on host: <192.168.11.111:9618?addrs=192.168.11.111-9618+[--1]-9618&noUDP&sock=2438_6a02_3>
...
001 (9236.000.000) 10/02 13:04:29 Job executing on host: MPI_job
...
004 (9236.000.000) 10/02 13:06:25 Job was evicted.
	(0) Job was not checkpointed.
		Usr 0 00:02:23, Sys 0 00:00:00  -  Run Remote Usage
		Usr 0 00:00:00, Sys 0 00:00:00  -  Run Local Usage
	0  -  Run Bytes Sent By Job
	0  -  Run Bytes Received By Job
	Partitionable Resources :    Usage  Request Allocated
	   Cpus                 :                 2        10
	   Disk (KB)            :        3        3    762159
	   Gpus                 :                           0
	   Memory (MB)          :       35        1     28928
...
009 (9236.000.000) 10/02 13:06:25 Job was aborted by the user.
	via condor_rm (by user hiroki-h)
...
000 (9237.000.000) 10/02 13:08:28 Job submitted from host: <192.168.11.117:9618?addrs=192.168.11.117-9618+[--1]-9618&noUDP&sock=2590_6ac9_3>
...
014 (9237.000.001) 10/02 13:08:38 Node 1 executing on host: <192.168.11.101:9618?addrs=192.168.11.101-9618+[--1]-9618&noUDP&sock=2456_c2b7_3>
...
014 (9237.000.000) 10/02 13:08:38 Node 0 executing on host: <192.168.11.110:9618?addrs=192.168.11.110-9618+[--1]-9618&noUDP&sock=2458_21e7_3>
...
014 (9237.000.002) 10/02 13:08:38 Node 2 executing on host: <192.168.11.110:9618?addrs=192.168.11.110-9618+[--1]-9618&noUDP&sock=2458_21e7_3>
...
014 (9237.000.003) 10/02 13:08:38 Node 3 executing on host: <192.168.11.101:9618?addrs=192.168.11.101-9618+[--1]-9618&noUDP&sock=2456_c2b7_3>
...
014 (9237.000.005) 10/02 13:08:38 Node 5 executing on host: <192.168.11.111:9618?addrs=192.168.11.111-9618+[--1]-9618&noUDP&sock=2438_6a02_3>
...
014 (9237.000.004) 10/02 13:08:38 Node 4 executing on host: <192.168.11.102:9618?addrs=192.168.11.102-9618+[--1]-9618&noUDP&sock=2451_54be_3>
...
014 (9237.000.006) 10/02 13:08:38 Node 6 executing on host: <192.168.11.102:9618?addrs=192.168.11.102-9618+[--1]-9618&noUDP&sock=2451_54be_3>
...
014 (9237.000.007) 10/02 13:08:38 Node 7 executing on host: <192.168.11.111:9618?addrs=192.168.11.111-9618+[--1]-9618&noUDP&sock=2438_6a02_3>
...
001 (9237.000.000) 10/02 13:08:38 Job executing on host: MPI_job
...
004 (9237.000.000) 10/02 13:09:36 Job was evicted.
	(0) Job was not checkpointed.
		Usr 0 00:01:23, Sys 0 00:00:00  -  Run Remote Usage
		Usr 0 00:00:00, Sys 0 00:00:00  -  Run Local Usage
	0  -  Run Bytes Sent By Job
	0  -  Run Bytes Received By Job
	Partitionable Resources :    Usage  Request Allocated
	   Cpus                 :                 2        10
	   Disk (KB)            :        3        3    762159
	   Gpus                 :                           0
	   Memory (MB)          :       34        1     28928
...
009 (9237.000.000) 10/02 13:09:36 Job was aborted by the user.
	via condor_rm (by user hiroki-h)
...
000 (9238.000.000) 10/02 13:12:39 Job submitted from host: <192.168.11.117:9618?addrs=192.168.11.117-9618+[--1]-9618&noUDP&sock=2590_6ac9_3>
...
014 (9238.000.001) 10/02 13:12:41 Node 1 executing on host: <192.168.11.103:9618?addrs=192.168.11.103-9618+[--1]-9618&noUDP&sock=2446_e6c4_3>
...
014 (9238.000.003) 10/02 13:12:41 Node 3 executing on host: <192.168.11.103:9618?addrs=192.168.11.103-9618+[--1]-9618&noUDP&sock=2446_e6c4_3>
...
014 (9238.000.004) 10/02 13:12:41 Node 4 executing on host: <192.168.11.104:9618?addrs=192.168.11.104-9618+[--1]-9618&noUDP&sock=2452_0456_3>
...
014 (9238.000.005) 10/02 13:12:41 Node 5 executing on host: <192.168.11.113:9618?addrs=192.168.11.113-9618+[--1]-9618&noUDP&sock=2433_fc09_3>
...
014 (9238.000.006) 10/02 13:12:41 Node 6 executing on host: <192.168.11.104:9618?addrs=192.168.11.104-9618+[--1]-9618&noUDP&sock=2452_0456_3>
...
014 (9238.000.007) 10/02 13:12:41 Node 7 executing on host: <192.168.11.113:9618?addrs=192.168.11.113-9618+[--1]-9618&noUDP&sock=2433_fc09_3>
...
014 (9238.000.000) 10/02 13:12:41 Node 0 executing on host: <192.168.11.112:9618?addrs=192.168.11.112-9618+[--1]-9618&noUDP&sock=2459_d180_3>
...
014 (9238.000.002) 10/02 13:12:41 Node 2 executing on host: <192.168.11.112:9618?addrs=192.168.11.112-9618+[--1]-9618&noUDP&sock=2459_d180_3>
...
001 (9238.000.000) 10/02 13:12:41 Job executing on host: MPI_job
...
004 (9238.000.000) 10/02 13:14:09 Job was evicted.
	(0) Job was not checkpointed.
		Usr 0 00:03:21, Sys 0 00:00:00  -  Run Remote Usage
		Usr 0 00:00:00, Sys 0 00:00:00  -  Run Local Usage
	0  -  Run Bytes Sent By Job
	0  -  Run Bytes Received By Job
	Partitionable Resources :    Usage  Request Allocated
	   Cpus                 :                 2        10
	   Disk (KB)            :        3        3    762195
	   Gpus                 :                           0
	   Memory (MB)          :       33        1     28928
...
009 (9238.000.000) 10/02 13:14:09 Job was aborted by the user.
	via condor_rm (by user hiroki-h)
...
000 (9239.000.000) 10/02 13:14:16 Job submitted from host: <192.168.11.117:9618?addrs=192.168.11.117-9618+[--1]-9618&noUDP&sock=2590_6ac9_3>
...
014 (9239.000.004) 10/02 13:14:34 Node 4 executing on host: <192.168.11.102:9618?addrs=192.168.11.102-9618+[--1]-9618&noUDP&sock=2451_54be_3>
...
014 (9239.000.000) 10/02 13:14:34 Node 0 executing on host: <192.168.11.101:9618?addrs=192.168.11.101-9618+[--1]-9618&noUDP&sock=2456_c2b7_3>
...
014 (9239.000.002) 10/02 13:14:34 Node 2 executing on host: <192.168.11.101:9618?addrs=192.168.11.101-9618+[--1]-9618&noUDP&sock=2456_c2b7_3>
...
014 (9239.000.001) 10/02 13:14:34 Node 1 executing on host: <192.168.11.110:9618?addrs=192.168.11.110-9618+[--1]-9618&noUDP&sock=2458_21e7_3>
...
014 (9239.000.003) 10/02 13:14:34 Node 3 executing on host: <192.168.11.110:9618?addrs=192.168.11.110-9618+[--1]-9618&noUDP&sock=2458_21e7_3>
...
014 (9239.000.005) 10/02 13:14:34 Node 5 executing on host: <192.168.11.111:9618?addrs=192.168.11.111-9618+[--1]-9618&noUDP&sock=2438_6a02_3>
...
014 (9239.000.006) 10/02 13:14:34 Node 6 executing on host: <192.168.11.102:9618?addrs=192.168.11.102-9618+[--1]-9618&noUDP&sock=2451_54be_3>
...
014 (9239.000.007) 10/02 13:14:34 Node 7 executing on host: <192.168.11.111:9618?addrs=192.168.11.111-9618+[--1]-9618&noUDP&sock=2438_6a02_3>
...
001 (9239.000.000) 10/02 13:14:34 Job executing on host: MPI_job
...
004 (9239.000.000) 10/02 13:16:00 Job was evicted.
	(0) Job was not checkpointed.
		Usr 0 00:01:57, Sys 0 00:00:00  -  Run Remote Usage
		Usr 0 00:00:00, Sys 0 00:00:00  -  Run Local Usage
	0  -  Run Bytes Sent By Job
	0  -  Run Bytes Received By Job
	Partitionable Resources :    Usage  Request Allocated
	   Cpus                 :                 2        10
	   Disk (KB)            :        3        3    761631
	   Gpus                 :                           0
	   Memory (MB)          :       35        1     28928
...
009 (9239.000.000) 10/02 13:16:00 Job was aborted by the user.
	via condor_rm (by user hiroki-h)
...
000 (9240.000.000) 10/02 13:24:13 Job submitted from host: <192.168.11.117:9618?addrs=192.168.11.117-9618+[--1]-9618&noUDP&sock=2590_6ac9_3>
...
014 (9240.000.004) 10/02 13:24:25 Node 4 executing on host: <192.168.11.102:9618?addrs=192.168.11.102-9618+[--1]-9618&noUDP&sock=2451_54be_3>
...
014 (9240.000.002) 10/02 13:24:25 Node 2 executing on host: <192.168.11.101:9618?addrs=192.168.11.101-9618+[--1]-9618&noUDP&sock=2456_c2b7_3>
...
014 (9240.000.000) 10/02 13:24:25 Node 0 executing on host: <192.168.11.101:9618?addrs=192.168.11.101-9618+[--1]-9618&noUDP&sock=2456_c2b7_3>
...
014 (9240.000.001) 10/02 13:24:25 Node 1 executing on host: <192.168.11.110:9618?addrs=192.168.11.110-9618+[--1]-9618&noUDP&sock=2458_21e7_3>
...
014 (9240.000.003) 10/02 13:24:25 Node 3 executing on host: <192.168.11.110:9618?addrs=192.168.11.110-9618+[--1]-9618&noUDP&sock=2458_21e7_3>
...
014 (9240.000.006) 10/02 13:24:25 Node 6 executing on host: <192.168.11.102:9618?addrs=192.168.11.102-9618+[--1]-9618&noUDP&sock=2451_54be_3>
...
014 (9240.000.005) 10/02 13:24:25 Node 5 executing on host: <192.168.11.111:9618?addrs=192.168.11.111-9618+[--1]-9618&noUDP&sock=2438_6a02_3>
...
014 (9240.000.007) 10/02 13:24:25 Node 7 executing on host: <192.168.11.111:9618?addrs=192.168.11.111-9618+[--1]-9618&noUDP&sock=2438_6a02_3>
...
001 (9240.000.000) 10/02 13:24:25 Job executing on host: MPI_job
...
000 (9241.000.000) 10/02 13:28:15 Job submitted from host: <192.168.11.117:9618?addrs=192.168.11.117-9618+[--1]-9618&noUDP&sock=2590_6ac9_3>
...
014 (9241.000.001) 10/02 13:28:27 Node 1 executing on host: <192.168.11.112:9618?addrs=192.168.11.112-9618+[--1]-9618&noUDP&sock=2459_d180_3>
...
014 (9241.000.003) 10/02 13:28:27 Node 3 executing on host: <192.168.11.112:9618?addrs=192.168.11.112-9618+[--1]-9618&noUDP&sock=2459_d180_3>
...
014 (9241.000.004) 10/02 13:28:27 Node 4 executing on host: <192.168.11.113:9618?addrs=192.168.11.113-9618+[--1]-9618&noUDP&sock=2433_fc09_3>
...
014 (9241.000.005) 10/02 13:28:27 Node 5 executing on host: <192.168.11.104:9618?addrs=192.168.11.104-9618+[--1]-9618&noUDP&sock=2452_0456_3>
...
014 (9241.000.006) 10/02 13:28:27 Node 6 executing on host: <192.168.11.113:9618?addrs=192.168.11.113-9618+[--1]-9618&noUDP&sock=2433_fc09_3>
...
014 (9241.000.000) 10/02 13:28:27 Node 0 executing on host: <192.168.11.103:9618?addrs=192.168.11.103-9618+[--1]-9618&noUDP&sock=2446_e6c4_3>
...
014 (9241.000.002) 10/02 13:28:27 Node 2 executing on host: <192.168.11.103:9618?addrs=192.168.11.103-9618+[--1]-9618&noUDP&sock=2446_e6c4_3>
...
014 (9241.000.007) 10/02 13:28:27 Node 7 executing on host: <192.168.11.104:9618?addrs=192.168.11.104-9618+[--1]-9618&noUDP&sock=2452_0456_3>
...
001 (9241.000.000) 10/02 13:28:27 Job executing on host: MPI_job
...
004 (9241.000.000) 10/02 13:34:27 Job was evicted.
	(0) Job was not checkpointed.
		Usr 0 00:37:32, Sys 0 00:00:04  -  Run Remote Usage
		Usr 0 00:00:00, Sys 0 00:00:00  -  Run Local Usage
	0  -  Run Bytes Sent By Job
	0  -  Run Bytes Received By Job
	Partitionable Resources :    Usage  Request Allocated
	   Cpus                 :                 2        10
	   Disk (KB)            :        3        3    762193
	   Gpus                 :                           0
	   Memory (MB)          :       49        1     28928
...
009 (9241.000.000) 10/02 13:34:27 Job was aborted by the user.
	via condor_rm (by user hiroki-h)
...
004 (9240.000.000) 10/02 13:34:55 Job was evicted.
	(0) Job was not checkpointed.
		Usr 0 01:12:53, Sys 0 00:00:08  -  Run Remote Usage
		Usr 0 00:00:00, Sys 0 00:00:00  -  Run Local Usage
	0  -  Run Bytes Sent By Job
	0  -  Run Bytes Received By Job
	Partitionable Resources :    Usage  Request Allocated
	   Cpus                 :                 2        10
	   Disk (KB)            :        3        3    761631
	   Gpus                 :                           0
	   Memory (MB)          :       37        1     28928
...
009 (9240.000.000) 10/02 13:34:55 Job was aborted by the user.
	via condor_rm (by user hiroki-h)
...
000 (9252.000.000) 10/03 11:31:32 Job submitted from host: <192.168.11.117:9618?addrs=192.168.11.117-9618+[--1]-9618&noUDP&sock=2590_6ac9_3>
...
014 (9252.000.001) 10/03 11:31:42 Node 1 executing on host: <192.168.11.101:9618?addrs=192.168.11.101-9618+[--1]-9618&noUDP&sock=2456_c2b7_3>
...
014 (9252.000.003) 10/03 11:31:42 Node 3 executing on host: <192.168.11.101:9618?addrs=192.168.11.101-9618+[--1]-9618&noUDP&sock=2456_c2b7_3>
...
014 (9252.000.000) 10/03 11:31:42 Node 0 executing on host: <192.168.11.110:9618?addrs=192.168.11.110-9618+[--1]-9618&noUDP&sock=2458_21e7_3>
...
014 (9252.000.002) 10/03 11:31:42 Node 2 executing on host: <192.168.11.110:9618?addrs=192.168.11.110-9618+[--1]-9618&noUDP&sock=2458_21e7_3>
...
014 (9252.000.004) 10/03 11:31:42 Node 4 executing on host: <192.168.11.102:9618?addrs=192.168.11.102-9618+[--1]-9618&noUDP&sock=2451_54be_3>
...
014 (9252.000.006) 10/03 11:31:42 Node 6 executing on host: <192.168.11.102:9618?addrs=192.168.11.102-9618+[--1]-9618&noUDP&sock=2451_54be_3>
...
014 (9252.000.005) 10/03 11:31:42 Node 5 executing on host: <192.168.11.111:9618?addrs=192.168.11.111-9618+[--1]-9618&noUDP&sock=2438_6a02_3>
...
014 (9252.000.007) 10/03 11:31:42 Node 7 executing on host: <192.168.11.111:9618?addrs=192.168.11.111-9618+[--1]-9618&noUDP&sock=2438_6a02_3>
...
001 (9252.000.000) 10/03 11:31:42 Job executing on host: MPI_job
...
004 (9252.000.000) 10/03 11:32:56 Job was evicted.
	(0) Job was not checkpointed.
		Usr 0 00:06:37, Sys 0 00:00:01  -  Run Remote Usage
		Usr 0 00:00:00, Sys 0 00:00:00  -  Run Local Usage
	0  -  Run Bytes Sent By Job
	0  -  Run Bytes Received By Job
	Partitionable Resources :    Usage  Request Allocated
	   Cpus                 :                 2        10
	   Disk (KB)            :        3        3    762156
	   Gpus                 :                           0
	   Memory (MB)          :       33        1     28928
...
009 (9252.000.000) 10/03 11:32:56 Job was aborted by the user.
	via condor_rm (by user hiroki-h)
...
000 (9253.000.000) 10/03 11:34:41 Job submitted from host: <192.168.11.117:9618?addrs=192.168.11.117-9618+[--1]-9618&noUDP&sock=2590_6ac9_3>
...
014 (9253.000.000) 10/03 11:34:42 Node 0 executing on host: <192.168.11.112:9618?addrs=192.168.11.112-9618+[--1]-9618&noUDP&sock=2459_d180_3>
...
014 (9253.000.002) 10/03 11:34:42 Node 2 executing on host: <192.168.11.112:9618?addrs=192.168.11.112-9618+[--1]-9618&noUDP&sock=2459_d180_3>
...
014 (9253.000.001) 10/03 11:34:42 Node 1 executing on host: <192.168.11.103:9618?addrs=192.168.11.103-9618+[--1]-9618&noUDP&sock=2446_e6c4_3>
...
014 (9253.000.003) 10/03 11:34:42 Node 3 executing on host: <192.168.11.103:9618?addrs=192.168.11.103-9618+[--1]-9618&noUDP&sock=2446_e6c4_3>
...
014 (9253.000.005) 10/03 11:34:42 Node 5 executing on host: <192.168.11.104:9618?addrs=192.168.11.104-9618+[--1]-9618&noUDP&sock=2452_0456_3>
...
014 (9253.000.004) 10/03 11:34:42 Node 4 executing on host: <192.168.11.113:9618?addrs=192.168.11.113-9618+[--1]-9618&noUDP&sock=2433_fc09_3>
...
014 (9253.000.006) 10/03 11:34:42 Node 6 executing on host: <192.168.11.113:9618?addrs=192.168.11.113-9618+[--1]-9618&noUDP&sock=2433_fc09_3>
...
014 (9253.000.007) 10/03 11:34:42 Node 7 executing on host: <192.168.11.104:9618?addrs=192.168.11.104-9618+[--1]-9618&noUDP&sock=2452_0456_3>
...
001 (9253.000.000) 10/03 11:34:42 Job executing on host: MPI_job
...
004 (9253.000.000) 10/03 11:36:15 Job was evicted.
	(0) Job was not checkpointed.
		Usr 0 00:03:22, Sys 0 00:00:00  -  Run Remote Usage
		Usr 0 00:00:00, Sys 0 00:00:00  -  Run Local Usage
	0  -  Run Bytes Sent By Job
	0  -  Run Bytes Received By Job
	Partitionable Resources :    Usage  Request Allocated
	   Cpus                 :                 2        10
	   Disk (KB)            :        3        3    762192
	   Gpus                 :                           0
	   Memory (MB)          :       34        1     28928
...
009 (9253.000.000) 10/03 11:36:15 Job was aborted by the user.
	via condor_rm (by user hiroki-h)
...
